Product: MDK-ARM Standard 5.10
Component: ARM Compiler 5.04 update 1 (build 49)
Tool: armlink [5040049]

==============================================================================

Section Cross References

    startup_stm32f10x_hd.o(RESET) refers to startup_stm32f10x_hd.o(STACK) for __initial_sp
    startup_stm32f10x_hd.o(RESET) refers to startup_stm32f10x_hd.o(.text) for Reset_Handler
    startup_stm32f10x_hd.o(RESET) refers to stm32f10x_it.o(.text) for NMI_Handler
    startup_stm32f10x_hd.o(RESET) refers to rtc.o(.text) for RTC_IRQHandler
    startup_stm32f10x_hd.o(RESET) refers to app.o(.text) for EXTI0_IRQHandler
    startup_stm32f10x_hd.o(.text) refers to system_stm32f10x.o(.text) for SystemInit
    startup_stm32f10x_hd.o(.text) refers to entry.o(.ARM.Collect$$$$00000000) for __main
    system_stm32f10x.o(.text) refers to system_stm32f10x.o(.data) for SystemCoreClock
    stm32f10x_adc.o(.text) refers to stm32f10x_rcc.o(.text) for RCC_APB2PeriphResetCmd
    stm32f10x_bkp.o(.text) refers to stm32f10x_rcc.o(.text) for RCC_BackupResetCmd
    stm32f10x_can.o(.text) refers to stm32f10x_rcc.o(.text) for RCC_APB1PeriphResetCmd
    stm32f10x_cec.o(.text) refers to stm32f10x_rcc.o(.text) for RCC_APB1PeriphResetCmd
    stm32f10x_dac.o(.text) refers to stm32f10x_rcc.o(.text) for RCC_APB1PeriphResetCmd
    stm32f10x_gpio.o(.text) refers to stm32f10x_rcc.o(.text) for RCC_APB2PeriphResetCmd
    stm32f10x_i2c.o(.text) refers to stm32f10x_rcc.o(.text) for RCC_APB1PeriphResetCmd
    stm32f10x_pwr.o(.text) refers to stm32f10x_rcc.o(.text) for RCC_APB1PeriphResetCmd
    stm32f10x_rcc.o(.text) refers to stm32f10x_rcc.o(.data) for APBAHBPrescTable
    stm32f10x_spi.o(.text) refers to stm32f10x_rcc.o(.text) for RCC_APB2PeriphResetCmd
    stm32f10x_tim.o(.text) refers to stm32f10x_rcc.o(.text) for RCC_APB2PeriphResetCmd
    stm32f10x_usart.o(.text) refers to stm32f10x_rcc.o(.text) for RCC_APB2PeriphResetCmd
    stm32f10x_wwdg.o(.text) refers to stm32f10x_rcc.o(.text) for RCC_APB1PeriphResetCmd
    main.o(.text) refers to bsp_usart1.o(.text) for USART1_Config
    main.o(.text) refers to usart3.o(.text) for USART_Config
    main.o(.text) refers to bsp_exti.o(.text) for EXTI_PC13_Config
    main.o(.text) refers to buzzer.o(.text) for BUZZER_GPIO_Config
    main.o(.text) refers to delay.o(.text) for delay_init
    main.o(.text) refers to app.o(.text) for dataInit
    main.o(.text) refers to usart4.o(.text) for UART4_Config
    main.o(.text) refers to rtc.o(.text) for RTC_Init
    main.o(.text) refers to hmi.o(.text) for HMISendstart
    stm32f10x_it.o(.text) refers to stm32f10x_usart.o(.text) for USART_GetFlagStatus
    stm32f10x_it.o(.text) refers to stm32f10x_it.o(.data) for sp
    stm32f10x_it.o(.text) refers to stm32f10x_it.o(.bss) for Rec_Buffer
    delay.o(.text) refers to misc.o(.text) for SysTick_CLKSourceConfig
    delay.o(.text) refers to system_stm32f10x.o(.data) for SystemCoreClock
    delay.o(.text) refers to delay.o(.data) for fac_us
    bsp_usart1.o(.text) refers to stm32f10x_rcc.o(.text) for RCC_APB2PeriphClockCmd
    bsp_usart1.o(.text) refers to stm32f10x_gpio.o(.text) for GPIO_Init
    bsp_usart1.o(.text) refers to stm32f10x_usart.o(.text) for USART_Init
    bsp_usart1.o(.text) refers to misc.o(.text) for NVIC_PriorityGroupConfig
    app.o(.text) refers to stm32f10x_rcc.o(.text) for RCC_APB2PeriphClockCmd
    app.o(.text) refers to stm32f10x_gpio.o(.text) for GPIO_Init
    app.o(.text) refers to delay.o(.text) for delay_ms
    app.o(.text) refers to stm32f10x_usart.o(.text) for USART_SendData
    app.o(.text) refers to usart4.o(.text) for UART4_SendString
    app.o(.text) refers to f2d.o(.text) for __aeabi_f2d
    app.o(.text) refers to printfa.o(i.__0sprintf) for __2sprintf
    app.o(.text) refers to printfa.o(i.__0printf) for __2printf
    app.o(.text) refers to fflti.o(.text) for __aeabi_i2f
    app.o(.text) refers to fdiv.o(.text) for __aeabi_fdiv
    app.o(.text) refers to fmul.o(.text) for __aeabi_fmul
    app.o(.text) refers to pow.o(i.pow) for pow
    app.o(.text) refers to dmul.o(.text) for __aeabi_dmul
    app.o(.text) refers to d2f.o(.text) for __aeabi_d2f
    app.o(.text) refers to cfrcmple.o(.text) for __aeabi_cfrcmple
    app.o(.text) refers to fadd.o(.text) for __aeabi_fsub
    app.o(.text) refers to dadd.o(.text) for __aeabi_dadd
    app.o(.text) refers to cdrcmple.o(.text) for __aeabi_cdrcmple
    app.o(.text) refers to app.o(.bss) for power
    app.o(.text) refers to app.o(.data) for keyControl
    app.o(.text) refers to rtc.o(.bss) for calendar
    app.o(.text) refers to app.o(.conststring) for .conststring
    app.o(.text) refers to ffixi.o(.text) for __aeabi_f2iz
    app.o(.text) refers to dflti.o(.text) for __aeabi_i2d
    app.o(.text) refers to hmi.o(.text) for HMISends
    app.o(.text) refers to strcmp.o(.text) for strcmp
    app.o(.text) refers to lcd.o(.text) for LCD_ShowString
    app.o(.text) refers to usart3.o(.text) for UART3_SendString
[...]
    printf6.o(i.__0vprintf$6) refers to usart3.o(.text) for fputc
    printf6.o(i.__0vprintf$6) refers to stdout.o(.data) for __stdout
    printf6.o(i.__0vsnprintf$6) refers to printf6.o(i._printf_core) for _printf_core
    printf6.o(i.__0vsnprintf$6) refers to printf6.o(i._snputc) for _snputc
    printf6.o(i.__0vsprintf$6) refers to printf6.o(i._printf_core) for _printf_core
    printf6.o(i.__0vsprintf$6) refers to printf6.o(i._sputc) for _sputc
    printf6.o(i._printf_core) refers to printf6.o(i._printf_pre_padding) for _printf_pre_padding
    printf6.o(i._printf_core) refers to uidiv.o(.text) for __aeabi_uidivmod
    printf6.o(i._printf_core) refers to printf6.o(i._printf_post_padding) for _printf_post_padding
    printf7.o(i.__0fprintf$7) refers to printf7.o(i._printf_core) for _printf_core
    printf7.o(i.__0fprintf$7) refers to usart3.o(.text) for fputc
    printf7.o(i.__0printf$7) refers to printf7.o(i._printf_core) for _printf_core
    printf7.o(i.__0printf$7) refers to usart3.o(.text) for fputc
    printf7.o(i.__0printf$7) refers to stdout.o(.data) for __stdout
    printf7.o(i.__0snprintf$7) refers to printf7.o(i._printf_core) for _printf_core
    printf7.o(i.__0snprintf$7) refers to printf7.o(i._snputc) for _snputc
    printf7.o(i.__0sprintf$7) refers to printf7.o(i._printf_core) for _printf_core
    printf7.o(i.__0sprintf$7) refers to printf7.o(i._sputc) for _sputc
    printf7.o(i.__0vfprintf$7) refers to printf7.o(i._printf_core) for _printf_core
    printf7.o(i.__0vfprintf$7) refers to usart3.o(.text) for fputc
    printf7.o(i.__0vprintf$7) refers to printf7.o(i._printf_core) for _printf_core
    printf7.o(i.__0vprintf$7) refers to usart3.o(.text) for fputc
    printf7.o(i.__0vprintf$7) refers to stdout.o(.data) for __stdout
    printf7.o(i.__0vsnprintf$7) refers to printf7.o(i._printf_core) for _printf_core
    printf7.o(i.__0vsnprintf$7) refers to printf7.o(i._snputc) for _snputc
    printf7.o(i.__0vsprintf$7) refers to printf7.o(i._printf_core) for _printf_core
    printf7.o(i.__0vsprintf$7) refers to printf7.o(i._sputc) for _sputc
    printf7.o(i._printf_core) refers to printf7.o(i._printf_pre_padding) for _printf_pre_padding
    printf7.o(i._printf_core) refers to uldiv.o(.text) for __aeabi_uldivmod
    printf7.o(i._printf_core) refers to printf7.o(i._printf_post_padding) for _printf_post_padding
    printf8.o(i.__0fprintf$8) refers to printf8.o(i._printf_core) for _printf_core
    printf8.o(i.__0fprintf$8) refers to usart3.o(.text) for fputc
    printf8.o(i.__0printf$8) refers to printf8.o(i._printf_core) for _printf_core
    printf8.o(i.__0printf$8) refers to usart3.o(.text) for fputc
    printf8.o(i.__0printf$8) refers to stdout.o(.data) for __stdout
    printf8.o(i.__0snprintf$8) refers to printf8.o(i._printf_core) for _printf_core
    printf8.o(i.__0snprintf$8) refers to printf8.o(i._snputc) for _snputc
    printf8.o(i.__0sprintf$8) refers to printf8.o(i._printf_core) for _printf_core
    printf8.o(i.__0sprintf$8) refers to printf8.o(i._sputc) for _sputc
    printf8.o(i.__0vfprintf$8) refers to printf8.o(i._printf_core) for _printf_core
    printf8.o(i.__0vfprintf$8) refers to usart3.o(.text) for fputc
    printf8.o(i.__0vprintf$8) refers to printf8.o(i._printf_core) for _printf_core
    printf8.o(i.__0vprintf$8) refers to usart3.o(.text) for fputc
    printf8.o(i.__0vprintf$8) refers to stdout.o(.data) for __stdout
    printf8.o(i.__0vsnprintf$8) refers to printf8.o(i._printf_core) for _printf_core
    printf8.o(i.__0vsnprintf$8) refers to printf8.o(i._snputc) for _snputc
    printf8.o(i.__0vsprintf$8) refers to printf8.o(i._printf_core) for _printf_core
    printf8.o(i.__0vsprintf$8) refers to printf8.o(i._sputc) for _sputc
    printf8.o(i._printf_core) refers to printf8.o(i._printf_pre_padding) for _printf_pre_padding
    printf8.o(i._printf_core) refers to uldiv.o(.text) for __aeabi_uldivmod
    printf8.o(i._printf_core) refers to printf8.o(i._printf_post_padding) for _printf_post_padding
    printfa.o(i.__0fprintf) refers (Special) to iusefp.o(.text) for __I$use$fp
    printfa.o(i.__0fprintf) refers to printfa.o(i._printf_core) for _printf_core
    printfa.o(i.__0fprintf) refers to usart3.o(.text) for fputc
    printfa.o(i.__0printf) refers (Special) to iusefp.o(.text) for __I$use$fp
    printfa.o(i.__0printf) refers to printfa.o(i._printf_core) for _printf_core
    printfa.o(i.__0printf) refers to usart3.o(.text) for fputc
    printfa.o(i.__0printf) refers to stdout.o(.data) for __stdout
    printfa.o(i.__0snprintf) refers (Special) to iusefp.o(.text) for __I$use$fp
    printfa.o(i.__0snprintf) refers to printfa.o(i._printf_core) for _printf_core
    printfa.o(i.__0snprintf) refers to printfa.o(i._snputc) for _snputc
    printfa.o(i.__0sprintf) refers (Special) to iusefp.o(.text) for __I$use$fp
    printfa.o(i.__0sprintf) refers to printfa.o(i._printf_core) for _printf_core
    printfa.o(i.__0sprintf) refers to printfa.o(i._sputc) for _sputc
    printfa.o(i.__0vfprintf) refers (Special) to iusefp.o(.text) for __I$use$fp
    printfa.o(i.__0vfprintf) refers to printfa.o(i._printf_core) for _printf_core
    printfa.o(i.__0vfprintf) refers to usart3.o(.text) for fputc
    printfa.o(i.__0vprintf) refers (Special) to iusefp.o(.text) for __I$use$fp
    printfa.o(i.__0vprintf) refers to printfa.o(i._printf_core) for _printf_core
    printfa.o(i.__0vprintf) refers to usart3.o(.text) for fputc
    printfa.o(i.__0vprintf) refers to stdout.o(.data) for __stdout
    printfa.o(i.__0vsnprintf) refers (Special) to iusefp.o(.text) for __I$use$fp
    printfa.o(i.__0vsnprintf) refers to printfa.o(i._printf_core) for _printf_core
    printfa.o(i.__0vsnprintf) refers to printfa.o(i._snputc) for _snputc
    printfa.o(i.__0vsprintf) refers (Special) to iusefp.o(.text) for __I$use$fp
    printfa.o(i.__0vsprintf) refers to printfa.o(i._printf_core) for _printf_core
    printfa.o(i.__0vsprintf) refers to printfa.o(i._sputc) for _sputc
    printfa.o(i._fp_digits) refers (Special) to iusefp.o(.text) for __I$use$fp
    printfa.o(i._fp_digits) refers to dmul.o(.text) for __aeabi_dmul
    printfa.o(i._fp_digits) refers to ddiv.o(.text) for __aeabi_ddiv
    printfa.o(i._fp_digits) refers to cdrcmple.o(.text) for __aeabi_cdrcmple
    printfa.o(i._fp_digits) refers to dadd.o(.text) for __aeabi_dadd
    printfa.o(i._fp_digits) refers to dfixul.o(.text) for __aeabi_d2ulz
    printfa.o(i._fp_digits) refers to uldiv.o(.text) for __aeabi_uldivmod
    printfa.o(i._printf_core) refers (Special) to iusefp.o(.text) for __I$use$fp
    printfa.o(i._printf_core) refers to printfa.o(i._printf_pre_padding) for _printf_pre_padding
    printfa.o(i._printf_core) refers to uldiv.o(.text) for __aeabi_uldivmod
    printfa.o(i._printf_core) refers to printfa.o(i._printf_post_padding) for _printf_post_padding
    printfa.o(i._printf_core) refers to printfa.o(i._fp_digits) for _fp_digits
    printfa.o(i._printf_core) refers to uidiv.o(.text) for __aeabi_uidivmod
    printfa.o(i._printf_post_padding) refers (Special) to iusefp.o(.text) for __I$use$fp
    printfa.o(i._printf_pre_padding) refers (Special) to iusefp.o(.text) for __I$use$fp
    printfa.o(i._snputc) refers (Special) to iusefp.o(.text) for __I$use$fp
    printfa.o(i._sputc) refers (Special) to iusefp.o(.text) for __I$use$fp
    fadd.o(.text) refers (Special) to iusefp.o(.text) for __I$use$fp
    fadd.o(.text) refers to fepilogue.o(.text) for _float_epilogue
    fmul.o(.text) refers (Special) to iusefp.o(.text) for __I$use$fp
    fdiv.o(.text) refers (Special) to iusefp.o(.text) for __I$use$fp
    fdiv.o(.text) refers to fepilogue.o(.text) for _float_round
    dadd.o(.text) refers (Special) to iusefp.o(.text) for __I$use$fp
    dadd.o(.text) refers to llshl.o(.text) for __aeabi_llsl
    dadd.o(.text) refers to llsshr.o(.text) for __aeabi_lasr
    dadd.o(.text) refers to depilogue.o(.text) for _double_epilogue
    dmul.o(.text) refers (Special) to iusefp.o(.text) for __I$use$fp
    dmul.o(.text) refers to depilogue.o(.text) for _double_epilogue
    fflti.o(.text) refers (Special) to iusefp.o(.text) for __I$use$fp
    fflti.o(.text) refers to fepilogue.o(.text) for _float_epilogue
    dflti.o(.text) refers (Special) to iusefp.o(.text) for __I$use$fp
    dflti.o(.text) refers to depilogue.o(.text) for _double_epilogue
    ffixi.o(.text) refers (Special) to iusefp.o(.text) for __I$use$fp
    f2d.o(.text) refers (Special) to iusefp.o(.text) for __I$use$fp
    cdrcmple.o(.text) refers (Special) to iusefp.o(.text) for __I$use$fp
    d2f.o(.text) refers (Special) to iusefp.o(.text) for __I$use$fp
    d2f.o(.text) refers to fepilogue.o(.text) for _float_round
    cfrcmple.o(.text) refers (Special) to iusefp.o(.text) for __I$use$fp
    dunder.o(i.__mathlib_dbl_underflow) refers to dscalb.o(.text) for __ARM_scalbn
    fpclassify.o(i.__ARM_fpclassify) refers (Special) to iusefp.o(.text) for __I$use$fp
    poly.o(i.__kernel_poly) refers (Special) to iusefp.o(.text) for __I$use$fp
    poly.o(i.__kernel_poly) refers to dmul.o(.text) for __aeabi_dmul
    poly.o(i.__kernel_poly) refers to dadd.o(.text) for __aeabi_dadd
    qnan.o(.constdata) refers (Special) to iusefp.o(.text) for __I$use$fp
    sqrt.o(i.__softfp_sqrt) refers (Special) to iusefp.o(.text) for __I$use$fp
    sqrt.o(i.__softfp_sqrt) refers to dsqrt.o(.text) for _dsqrt
    sqrt.o(i.__softfp_sqrt) refers to errno.o(i.__set_errno) for __set_errno
    sqrt.o(i.sqrt) refers (Special) to iusefp.o(.text) for __I$use$fp
    sqrt.o(i.sqrt) refers to dsqrt.o(.text) for _dsqrt
    sqrt.o(i.sqrt) refers to errno.o(i.__set_errno) for __set_errno
    sqrt_x.o(i.____softfp_sqrt$lsc) refers (Special) to iusefp.o(.text) for __I$use$fp
    sqrt_x.o(i.____softfp_sqrt$lsc) refers to cdcmple.o(.text) for __aeabi_cdcmple
    sqrt_x.o(i.____softfp_sqrt$lsc) refers to errno.o(i.__set_errno) for __set_errno
    sqrt_x.o(i.____softfp_sqrt$lsc) refers to dsqrt.o(.text) for _dsqrt
    sqrt_x.o(i.__sqrt$lsc) refers (Special) to iusefp.o(.text) for __I$use$fp
    sqrt_x.o(i.__sqrt$lsc) refers to cdcmple.o(.text) for __aeabi_cdcmple
    sqrt_x.o(i.__sqrt$lsc) refers to errno.o(i.__set_errno) for __set_errno
    sqrt_x.o(i.__sqrt$lsc) refers to dsqrt.o(.text) for _dsqrt
    entry2.o(.ARM.Collect$$$$00000001) refers to entry2.o(.ARM.Collect$$$$00002712) for __lit__00000000
    entry2.o(.ARM.Collect$$$$00002712) refers to startup_stm32f10x_hd.o(STACK) for __initial_sp
    entry2.o(__vectab_stack_and_reset_area) refers to startup_stm32f10x_hd.o(STACK) for __initial_sp
    entry2.o(__vectab_stack_and_reset_area) refers to entry.o(.ARM.Collect$$$$00000000) for __main
    entry5.o(.ARM.Collect$$$$00000004) refers to init.o(.text) for __scatterload
    entry9a.o(.ARM.Collect$$$$0000000B) refers to main.o(.text) for main
    entry9b.o(.ARM.Collect$$$$0000000C) refers to main.o(.text) for main
    uldiv.o(.text) refers to llushr.o(.text) for __aeabi_llsr
    uldiv.o(.text) refers to llshl.o(.text) for __aeabi_llsl
    errno.o(i.__aeabi_errno_addr) refers to errno.o(.data) for .data
    errno.o(i.__read_errno) refers to errno.o(.data) for .data
    errno.o(i.__set_errno) refers to errno.o(.data) for .data
    depilogue.o(.text) refers to llshl.o(.text) for __aeabi_llsl
    depilogue.o(.text) refers to llushr.o(.text) for __aeabi_llsr
    ddiv.o(.text) refers to depilogue.o(.text) for _double_round
    dfixul.o(.text) refers to llushr.o(.text) for __aeabi_llsr
    dfixul.o(.text) refers to llshl.o(.text) for __aeabi_llsl
    init.o(.text) refers to entry5.o(.ARM.Collect$$$$00000004) for __main_after_scatterload
    dsqrt.o(.text) refers to llushr.o(.text) for __aeabi_llsr
    dsqrt.o(.text) refers to depilogue.o(.text) for _double_round


==============================================================================

Removing Unused input sections from the image.

    Removing startup_stm32f10x_hd.o(HEAP), (512 bytes).
    Removing core_cm3.o(.emb_text), (32 bytes).
    Removing stm32f10x_adc.o(.text), (1102 bytes).
    Removing stm32f10x_can.o(.text), (2544 bytes).
    Removing stm32f10x_cec.o(.text), (288 bytes).
    Removing stm32f10x_crc.o(.text), (72 bytes).
    Removing stm32f10x_dac.o(.text), (396 bytes).
    Removing stm32f10x_dbgmcu.o(.text), (48 bytes).
    Removing stm32f10x_dma.o(.text), (596 bytes).
    Removing stm32f10x_flash.o(.text), (1468 bytes).
    Removing stm32f10x_i2c.o(.text), (1028 bytes).
    Removing stm32f10x_iwdg.o(.text), (64 bytes).
    Removing stm32f10x_sdio.o(.text), (468 bytes).
    Removing stm32f10x_spi.o(.text), (780 bytes).
    Removing stm32f10x_tim.o(.text), (3610 bytes).
    Removing stm32f10x_wwdg.o(.text), (136 bytes).
    Removing main.o(.data), (4 bytes).
    Removing bsp_usart1.o(.data), (1 bytes).
    Removing cdcmple.o(.text), (40 bytes).

19 unused section(s) (total 13189 bytes) removed from the image.

==============================================================================

Image Symbol Table

    Local Symbols

    Symbol Name                              Value     Ov Type        Size  Object(Section)

    ../clib/microlib/division.c              0x00000000   Number         0  uldiv.o ABSOLUTE
    ../clib/microlib/division.c              0x00000000   Number         0  uidiv.o ABSOLUTE
    ../clib/microlib/errno.c                 0x00000000   Number         0  errno.o ABSOLUTE
    ../clib/microlib/init/entry.s            0x00000000   Number         0  entry10a.o ABSOLUTE
    ../clib/microlib/init/entry.s            0x00000000   Number         0  entry9b.o ABSOLUTE
    ../clib/microlib/init/entry.s            0x00000000   Number         0  entry9a.o ABSOLUTE
    ../clib/microlib/init/entry.s            0x00000000   Number         0  entry8b.o ABSOLUTE
    ../clib/microlib/init/entry.s            0x00000000   Number         0  entry8a.o ABSOLUTE
    ../clib/microlib/init/entry.s            0x00000000   Number         0  entry7b.o ABSOLUTE
    ../clib/microlib/init/entry.s            0x00000000   Number         0  entry.o ABSOLUTE
    ../clib/microlib/init/entry.s            0x00000000   Number         0  entry5.o ABSOLUTE
    ../clib/microlib/init/entry.s            0x00000000   Number         0  entry7a.o ABSOLUTE
    ../clib/microlib/init/entry.s            0x00000000   Number         0  entry10b.o ABSOLUTE
    ../clib/microlib/init/entry.s            0x00000000   Number         0  entry2.o ABSOLUTE
    ../clib/microlib/init/entry.s            0x00000000   Number         0  entry11b.o ABSOLUTE
    ../clib/microlib/init/entry.s            0x00000000   Number         0  entry11a.o ABSOLUTE
    ../clib/microlib/longlong.c              0x00000000   Number         0  llshl.o ABSOLUTE
    ../clib/microlib/longlong.c              0x00000000   Number         0  llushr.o ABSOLUTE
    ../clib/microlib/longlong.c              0x00000000   Number         0  llsshr.o ABSOLUTE
    ../clib/microlib/printf/printf.c         0x00000000   Number         0  printf3.o ABSOLUTE
    ../clib/microlib/printf/printf.c         0x00000000   Number         0  printf2.o ABSOLUTE
    ../clib/microlib/printf/printf.c         0x00000000   Number         0  printf1.o ABSOLUTE
    ../clib/microlib/printf/printf.c         0x00000000   Number         0  printf4.o ABSOLUTE
    ../clib/microlib/printf/printf.c         0x00000000   Number         0  printf0.o ABSOLUTE
    ../clib/microlib/printf/printf.c         0x00000000   Number         0  printf5.o ABSOLUTE
    ../clib/microlib/printf/printf.c         0x00000000   Number         0  printfa.o ABSOLUTE
    ../clib/microlib/printf/printf.c         0x00000000   Number         0  printf8.o ABSOLUTE
    ../clib/microlib/printf/printf.c         0x00000000   Number         0  printf7.o ABSOLUTE
    ../clib/microlib/printf/printf.c         0x00000000   Number         0  printfb.o ABSOLUTE
    ../clib/microlib/printf/printf.c         0x00000000   Number         0  printf6.o ABSOLUTE
    ../clib/microlib/printf/stubs.s          0x00000000   Number         0  stubs.o ABSOLUTE
    ../clib/microlib/stdio/streams.c         0x00000000   Number         0  stdout.o ABSOLUTE
    ../clib/microlib/string/strcmp.c         0x00000000   Number         0  strcmp.o ABSOLUTE
    ../clib/microlib/stubs.s                 0x00000000   Number         0  iusefp.o ABSOLUTE
    ../fplib/microlib/d2f.c                  0x00000000   Number         0  d2f.o ABSOLUTE
    ../fplib/microlib/f2d.c                  0x00000000   Number         0  f2d.o ABSOLUTE
    ../fplib/microlib/fpadd.c                0x00000000   Number         0  fadd.o ABSOLUTE
    ../fplib/microlib/fpadd.c                0x00000000   Number         0  dadd.o ABSOLUTE
    ../fplib/microlib/fpdiv.c                0x00000000   Number         0  fdiv.o ABSOLUTE
    ../fplib/microlib/fpdiv.c                0x00000000   Number         0  ddiv.o ABSOLUTE
    ../fplib/microlib/fpepilogue.c           0x00000000   Number         0  depilogue.o ABSOLUTE
    ../fplib/microlib/fpepilogue.c           0x00000000   Number         0  fepilogue.o ABSOLUTE
    ../fplib/microlib/fpfix.c                0x00000000   Number         0  ffixi.o ABSOLUTE
    ../fplib/microlib/fpfix.c                0x00000000   Number         0  dfixul.o ABSOLUTE
    ../fplib/microlib/fpflt.c                0x00000000   Number         0  fflti.o ABSOLUTE
    ../fplib/microlib/fpflt.c                0x00000000   Number         0  dflti.o ABSOLUTE
    ../fplib/microlib/fpmul.c                0x00000000   Number         0  dmul.o ABSOLUTE
    ../fplib/microlib/fpmul.c                0x00000000   Number         0  fmul.o ABSOLUTE
    ../fplib/microlib/fpscalb.c              0x00000000   Number         0  dscalb.o ABSOLUTE
    ../fplib/microlib/fpsqrt.c               0x00000000   Number         0  dsqrt.o ABSOLUTE
    ../mathlib/dunder.c                      0x00000000   Number         0  dunder.o ABSOLUTE
    ../mathlib/fpclassify.c                  0x00000000   Number         0  fpclassify.o ABSOLUTE
    ../mathlib/poly.c                        0x00000000   Number         0  poly.o ABSOLUTE
    ../mathlib/pow.c                         0x00000000   Number         0  pow.o ABSOLUTE
    ../mathlib/pow.c                         0x00000000   Number         0  pow_x.o ABSOLUTE
    ../mathlib/qnan.c                        0x00000000   Number         0  qnan.o ABSOLUTE
    ../mathlib/sqrt.c                        0x00000000   Number         0  sqrt_x.o ABSOLUTE
    ../mathlib/sqrt.c                        0x00000000   Number         0  sqrt.o ABSOLUTE
    ..\..\Libraries\CMSIS\core_cm3.c         0x00000000   Number         0  core_cm3.o ABSOLUTE
    ..\..\Libraries\CMSIS\startup\startup_stm32f10x_hd.s 0x00000000   Number         0  startup_stm32f10x_hd.o ABSOLUTE
    ..\..\Libraries\CMSIS\system_stm32f10x.c 0x00000000   Number         0  system_stm32f10x.o ABSOLUTE
    ..\..\Libraries\FWlib\src\misc.c         0x00000000   Number         0  misc.o ABSOLUTE
    ..\..\Libraries\FWlib\src\stm32f10x_adc.c 0x00000000   Number         0  stm32f10x_adc.o ABSOLUTE
    ..\..\Libraries\FWlib\src\stm32f10x_bkp.c 0x00000000   Number         0  stm32f10x_bkp.o ABSOLUTE
    ..\..\Libraries\FWlib\src\stm32f10x_can.c 0x00000000   Number         0  stm32f10x_can.o ABSOLUTE
    ..\..\Libraries\FWlib\src\stm32f10x_cec.c 0x00000000   Number         0  stm32f10x_cec.o ABSOLUTE
    ..\..\Libraries\FWlib\src\stm32f10x_crc.c 0x00000000   Number         0  stm32f10x_crc.o ABSOLUTE
    ..\..\Libraries\FWlib\src\stm32f10x_dac.c 0x00000000   Number         0  stm32f10x_dac.o ABSOLUTE
    ..\..\Libraries\FWlib\src\stm32f10x_dbgmcu.c 0x00000000   Number         0  stm32f10x_dbgmcu.o ABSOLUTE
    ..\..\Libraries\FWlib\src\stm32f10x_dma.c 0x00000000   Number         0  stm32f10x_dma.o ABSOLUTE
    ..\..\Libraries\FWlib\src\stm32f10x_exti.c 0x00000000   Number         0  stm32f10x_exti.o ABSOLUTE
    ..\..\Libraries\FWlib\src\stm32f10x_flash.c 0x00000000   Number         0  stm32f10x_flash.o ABSOLUTE
    ..\..\Libraries\FWlib\src\stm32f10x_fsmc.c 0x00000000   Number         0  stm32f10x_fsmc.o ABSOLUTE
    ..\..\Libraries\FWlib\src\stm32f10x_gpio.c 0x00000000   Number         0  stm32f10x_gpio.o ABSOLUTE
    ..\..\Libraries\FWlib\src\stm32f10x_i2c.c 0x00000000   Number         0  stm32f10x_i2c.o ABSOLUTE
    ..\..\Libraries\FWlib\src\stm32f10x_iwdg.c 0x00000000   Number         0  stm32f10x_iwdg.o ABSOLUTE
    ..\..\Libraries\FWlib\src\stm32f10x_pwr.c 0x00000000   Number         0  stm32f10x_pwr.o ABSOLUTE
    ..\..\Libraries\FWlib\src\stm32f10x_rcc.c 0x00000000   Number         0  stm32f10x_rcc.o ABSOLUTE
    ..\..\Libraries\FWlib\src\stm32f10x_rtc.c 0x00000000   Number         0  stm32f10x_rtc.o ABSOLUTE
    ..\..\Libraries\FWlib\src\stm32f10x_sdio.c 0x00000000   Number         0  stm32f10x_sdio.o ABSOLUTE
    ..\..\Libraries\FWlib\src\stm32f10x_spi.c 0x00000000   Number         0  stm32f10x_spi.o ABSOLUTE
    ..\..\Libraries\FWlib\src\stm32f10x_tim.c 0x00000000   Number         0  stm32f10x_tim.o ABSOLUTE
    ..\..\Libraries\FWlib\src\stm32f10x_usart.c 0x00000000   Number         0  stm32f10x_usart.o ABSOLUTE
    ..\..\Libraries\FWlib\src\stm32f10x_wwdg.c 0x00000000   Number         0  stm32f10x_wwdg.o ABSOLUTE
    ..\..\User\APP.c                         0x00000000   Number         0  app.o ABSOLUTE
    ..\..\User\DELAY\delay.c                 0x00000000   Number         0  delay.o ABSOLUTE
    ..\..\User\Key\bsp_exti.c                0x00000000   Number         0  bsp_exti.o ABSOLUTE
    ..\..\User\LCD\lcd.c                     0x00000000   Number         0  lcd.o ABSOLUTE
    ..\..\User\SYS\sys.c                     0x00000000   Number         0  sys.o ABSOLUTE
    ..\..\User\USART3\usart3.c               0x00000000   Number         0  usart3.o ABSOLUTE
    ..\..\User\buzzer.c                      0x00000000   Number         0  buzzer.o ABSOLUTE
    ..\..\User\hmi.c                         0x00000000   Number         0  hmi.o ABSOLUTE
    ..\..\User\main.c                        0x00000000   Number         0  main.o ABSOLUTE
    ..\..\User\rtc.c                         0x00000000   Number         0  rtc.o ABSOLUTE
    ..\..\User\stm32f10x_it.c                0x00000000   Number         0  stm32f10x_it.o ABSOLUTE
    ..\..\User\usart4.c                      0x00000000   Number         0  usart4.o ABSOLUTE
    ..\..\User\usart\bsp_usart1.c            0x00000000   Number         0  bsp_usart1.o ABSOLUTE
    ..\\..\\Libraries\\CMSIS\\core_cm3.c     0x00000000   Number         0  core_cm3.o ABSOLUTE
    cdcmple.s                                0x00000000   Number         0  cdcmple.o ABSOLUTE
    cdrcmple.s                               0x00000000   Number         0  cdrcmple.o ABSOLUTE
    cfrcmple.s                               0x00000000   Number         0  cfrcmple.o ABSOLUTE
    dc.s                                     0x00000000   Number         0  dc.o ABSOLUTE
    handlers.s                               0x00000000   Number         0  handlers.o ABSOLUTE
    init.s                                   0x00000000   Number         0  init.o ABSOLUTE
    RESET                                    0x08000000   Section      304  startup_stm32f10x_hd.o(RESET)
    .ARM.Collect$$$$00000000                 0x08000130   Section        0  entry.o(.ARM.Collect$$$$00000000)
    .ARM.Collect$$$$00000001                 0x08000130   Section        4  entry2.o(.ARM.Collect$$$$00000001)
    .ARM.Collect$$$$00000004                 0x08000134   Section        4  entry5.o(.ARM.Collect$$$$00000004)
    .ARM.Collect$$$$00000008                 0x08000138   Section        0  entry7b.o(.ARM.Collect$$$$00000008)
    .ARM.Collect$$$$0000000A                 0x08000138   Section        0  entry8b.o(.ARM.Collect$$$$0000000A)
    .ARM.Collect$$$$0000000B                 0x08000138   Section        8  entry9a.o(.ARM.Collect$$$$0000000B)
    .ARM.Collect$$$$0000000D                 0x08000140   Section        0  entry10a.o(.ARM.Collect$$$$0000000D)
    .ARM.Collect$$$$0000000F                 0x08000140   Section        0  entry11a.o(.ARM.Collect$$$$0000000F)
    .ARM.Collect$$$$00002712                 0x08000140   Section        4  entry2.o(.ARM.Collect$$$$00002712)
    __lit__00000000                          0x08000140   Data           4  entry2.o(.ARM.Collect$$$$00002712)
    .text                                    0x08000144   Section       36  startup_stm32f10x_hd.o(.text)
    .text                                    0x08000168   Section        0  system_stm32f10x.o(.text)
    SetSysClockTo72                          0x08000169   Thumb Code   214  system_stm32f10x.o(.text)
    SetSysClock                              0x0800023f   Thumb Code     8  system_stm32f10x.o(.text)
    .text                                    0x08000348   Section        0  misc.o(.text)
    .text                                    0x08000424   Section        0  stm32f10x_bkp.o(.text)
    .text                                    0x080004e8   Section        0  stm32f10x_exti.o(.text)
    .text                                    0x08000604   Section        0  stm32f10x_fsmc.o(.text)
    .text                                    0x08000c10   Section        0  stm32f10x_gpio.o(.text)
    .text                                    0x08000f6c   Section        0  stm32f10x_pwr.o(.text)
    .text                                    0x08001038   Section        0  stm32f10x_rcc.o(.text)
    .text                                    0x080013dc   Section        0  stm32f10x_rtc.o(.text)
    .text                                    0x08001524   Section        0  stm32f10x_usart.o(.text)
    .text                                    0x0800192c   Section        0  main.o(.text)
    .text                                    0x08001990   Section        0  stm32f10x_it.o(.text)
    .text                                    0x08001a54   Section        0  delay.o(.text)
    .text                                    0x08001b28   Section        0  bsp_usart1.o(.text)
    .text                                    0x08001c14   Section        0  app.o(.text)
    .text                                    0x08003890   Section        0  lcd.o(.text)
    .text                                    0x08005d9c   Section        0  bsp_exti.o(.text)
    NVIC_Configuration                       0x08005d9d   Thumb Code   134  bsp_exti.o(.text)
    .text                                    0x08005f60   Section        0  usart3.o(.text)
    .text                                    0x0800606c   Section        0  buzzer.o(.text)
    .text                                    0x080060a4   Section        0  usart4.o(.text)
    NVIC_Configuration                       0x080060a5   Thumb Code    38  usart4.o(.text)
    .text                                    0x080061e0   Section        0  rtc.o(.text)
    .text                                    0x080064a8   Section        0  hmi.o(.text)
    .text                                    0x0800653c   Section        0  strcmp.o(.text)
    .text                                    0x08006558   Section        0  fadd.o(.text)
    .text                                    0x08006608   Section        0  fmul.o(.text)
    .text                                    0x0800666c   Section        0  fdiv.o(.text)
    .text                                    0x080066e8   Section        0  dadd.o(.text)
    .text                                    0x08006836   Section        0  dmul.o(.text)
    .text                                    0x0800691a   Section        0  fflti.o(.text)
    .text                                    0x0800692c   Section        0  dflti.o(.text)
    .text                                    0x0800694e   Section        0  ffixi.o(.text)
    .text                                    0x08006980   Section        0  f2d.o(.text)
    .text                                    0x080069a8   Section       40  cdrcmple.o(.text)
    .text                                    0x080069d0   Section        0  d2f.o(.text)
    .text                                    0x08006a08   Section       20  cfrcmple.o(.text)
    .text                                    0x08006a1c   Section        0  uidiv.o(.text)
    .text                                    0x08006a48   Section        0  uldiv.o(.text)
    .text                                    0x08006aaa   Section        0  llshl.o(.text)
    .text                                    0x08006ac8   Section        0  llsshr.o(.text)
    .text                                    0x08006aec   Section        0  fepilogue.o(.text)
    .text                                    0x08006aec   Section        0  iusefp.o(.text)
    .text                                    0x08006b5a   Section        0  depilogue.o(.text)
    .text                                    0x08006c10   Section        0  ddiv.o(.text)
    .text                                    0x08006cee   Section        0  dscalb.o(.text)
    .text                                    0x08006d1c   Section        0  dfixul.o(.text)
    .text                                    0x08006d4c   Section       36  init.o(.text)
    .text                                    0x08006d70   Section        0  llushr.o(.text)
    .text                                    0x08006d90   Section        0  dsqrt.o(.text)
    i.__0printf                              0x08006e34   Section        0  printfa.o(i.__0printf)
    i.__0sprintf                             0x08006e54   Section        0  printfa.o(i.__0sprintf)
    i.__ARM_fpclassify                       0x08006e7c   Section        0  fpclassify.o(i.__ARM_fpclassify)
    i.__kernel_poly                          0x08006ea4   Section        0  poly.o(i.__kernel_poly)
    i.__mathlib_dbl_underflow                0x08006f50   Section        0  dunder.o(i.__mathlib_dbl_underflow)
    i.__scatterload_copy                     0x08006f60   Section       14  handlers.o(i.__scatterload_copy)
    i.__scatterload_null                     0x08006f6e   Section        2  handlers.o(i.__scatterload_null)
    i.__scatterload_zeroinit                 0x08006f70   Section       14  handlers.o(i.__scatterload_zeroinit)
    i.__set_errno                            0x08006f80   Section        0  errno.o(i.__set_errno)
    i._fp_digits                             0x08006f8c   Section        0  printfa.o(i._fp_digits)
    _fp_digits                               0x08006f8d   Thumb Code   334  printfa.o(i._fp_digits)
    i._printf_core                           0x080070f0   Section        0  printfa.o(i._printf_core)
    _printf_core                             0x080070f1   Thumb Code  1744  printfa.o(i._printf_core)
    i._printf_post_padding                   0x080077cc   Section        0  printfa.o(i._printf_post_padding)
    _printf_post_padding                     0x080077cd   Thumb Code    36  printfa.o(i._printf_post_padding)
    i._printf_pre_padding                    0x080077f0   Section        0  printfa.o(i._printf_pre_padding)
    _printf_pre_padding                      0x080077f1   Thumb Code    46  printfa.o(i._printf_pre_padding)
    i._sputc                                 0x0800781e   Section        0  printfa.o(i._sputc)
    _sputc                                   0x0800781f   Thumb Code    10  printfa.o(i._sputc)
    i.pow                                    0x08007828   Section        0  pow.o(i.pow)
    i.sqrt                                   0x08008208   Section        0  sqrt.o(i.sqrt)
    .constdata                               0x08008254   Section    17060  lcd.o(.constdata)
    .constdata                               0x0800c4f8   Section       12  rtc.o(.constdata)
    .constdata                               0x0800c508   Section      136  pow.o(.constdata)
    bp                                       0x0800c508   Data          16  pow.o(.constdata)
    dp_h                                     0x0800c518   Data          16  pow.o(.constdata)
    dp_l                                     0x0800c528   Data          16  pow.o(.constdata)
    L                                        0x0800c538   Data          48  pow.o(.constdata)
    P                                        0x0800c568   Data          40  pow.o(.constdata)
    .constdata                               0x0800c590   Section        8  qnan.o(.constdata)
    .conststring                             0x0800c598   Section       69  app.o(.conststring)
    .data                                    0x20000000   Section       20  system_stm32f10x.o(.data)
    .data                                    0x20000014   Section       20  stm32f10x_rcc.o(.data)
    APBAHBPrescTable                         0x20000014   Data          16  stm32f10x_rcc.o(.data)
    ADCPrescTable                            0x20000024   Data           4  stm32f10x_rcc.o(.data)
    .data                                    0x20000028   Section        2  stm32f10x_it.o(.data)
    .data                                    0x2000002a   Section        4  delay.o(.data)
    fac_us                                   0x2000002a   Data           1  delay.o(.data)
    fac_ms                                   0x2000002c   Data           2  delay.o(.data)
    .data                                    0x20000030   Section       60  app.o(.data)
    count                                    0x20000062   Data           2  app.o(.data)
    i                                        0x20000064   Data           4  app.o(.data)
    vlaue_0                                  0x20000068   Data           4  app.o(.data)
    .data                                    0x2000006c   Section        4  lcd.o(.data)
    .data                                    0x20000070   Section        2  rtc.o(.data)
    dayCount                                 0x20000070   Data           2  rtc.o(.data)
    .data                                    0x20000074   Section        4  stdout.o(.data)
    .data                                    0x20000078   Section        4  errno.o(.data)
    _errno                                   0x20000078   Data           4  errno.o(.data)
    .bss                                     0x2000007c   Section       40  stm32f10x_it.o(.bss)
    .bss                                     0x200000a4   Section      232  app.o(.bss)
    .bss                                     0x2000018c   Section       10  lcd.o(.bss)
    .bss                                     0x20000196   Section       10  rtc.o(.bss)
    STACK                                    0x200001a0   Section     1024  startup_stm32f10x_hd.o(STACK)

    Global Symbols

    Symbol Name                              Value     Ov Type        Size  Object(Section)

    BuildAttributes$$THM_ISAv4$P$D$K$B$S$PE$A:L22UL41UL21$X:L11$S22US41US21$IEEE1$IW$USESV6$~STKCKD$USESV7$~SHL$OTIME$ROPI$IEEEX$EBA8$MICROLIB$REQ8$PRES8$EABIv2 0x00000000   Number         0  anon$$obj.o ABSOLUTE
    __ARM_use_no_argv                        0x00000000   Number         0  main.o ABSOLUTE
    _printf_a                                0x00000000   Number         0  stubs.o ABSOLUTE
    _printf_c                                0x00000000   Number         0  stubs.o ABSOLUTE
    _printf_charcount                        0x00000000   Number         0  stubs.o ABSOLUTE
    _printf_d                                0x00000000   Number         0  stubs.o ABSOLUTE
    _printf_e                                0x00000000   Number         0  stubs.o ABSOLUTE
    _printf_f                                0x00000000   Number         0  stubs.o ABSOLUTE
    _printf_flags                            0x00000000   Number         0  stubs.o ABSOLUTE
    _printf_fp_dec                           0x00000000   Number         0  stubs.o ABSOLUTE
    _printf_fp_hex                           0x00000000   Number         0  stubs.o ABSOLUTE
    _printf_g                                0x00000000   Number         0  stubs.o ABSOLUTE
    _printf_i                                0x00000000   Number         0  stubs.o ABSOLUTE
    _printf_int_dec                          0x00000000   Number         0  stubs.o ABSOLUTE
    _printf_l                                0x00000000   Number         0  stubs.o ABSOLUTE
    _printf_lc                               0x00000000   Number         0  stubs.o ABSOLUTE
    _printf_ll                               0x00000000   Number         0  stubs.o ABSOLUTE
    _printf_lld                              0x00000000   Number         0  stubs.o ABSOLUTE
    _printf_lli                              0x00000000   Number         0  stubs.o ABSOLUTE
    _printf_llo                              0x00000000   Number         0  stubs.o ABSOLUTE
    _printf_llu                              0x00000000   Number         0  stubs.o ABSOLUTE
    _printf_llx                              0x00000000   Number         0  stubs.o ABSOLUTE
    _printf_longlong_dec                     0x00000000   Number         0  stubs.o ABSOLUTE
    _printf_longlong_hex                     0x00000000   Number         0  stubs.o ABSOLUTE
    _printf_longlong_oct                     0x00000000   Number         0  stubs.o ABSOLUTE
    _printf_ls                               0x00000000   Number         0  stubs.o ABSOLUTE
    _printf_mbtowc                           0x00000000   Number         0  stubs.o ABSOLUTE
    _printf_n                                0x00000000   Number         0  stubs.o ABSOLUTE
    _printf_o                                0x00000000   Number         0  stubs.o ABSOLUTE
    _printf_p                                0x00000000   Number         0  stubs.o ABSOLUTE
    _printf_percent                          0x00000000   Number         0  stubs.o ABSOLUTE
    _printf_pre_padding                      0x00000000   Number         0  stubs.o ABSOLUTE
    _printf_return_value                     0x00000000   Number         0  stubs.o ABSOLUTE
    _printf_s                                0x00000000   Number         0  stubs.o ABSOLUTE
    _printf_sizespec                         0x00000000   Number         0  stubs.o ABSOLUTE
    _printf_str                              0x00000000   Number         0  stubs.o ABSOLUTE
    _printf_truncate_signed                  0x00000000   Number         0  stubs.o ABSOLUTE
    _printf_truncate_unsigned                0x00000000   Number         0  stubs.o ABSOLUTE
    _printf_u                                0x00000000   Number         0  stubs.o ABSOLUTE
    _printf_wc                               0x00000000   Number         0  stubs.o ABSOLUTE
    _printf_wctomb                           0x00000000   Number         0  stubs.o ABSOLUTE
    _printf_widthprec                        0x00000000   Number         0  stubs.o ABSOLUTE
    _printf_x                                0x00000000   Number         0  stubs.o ABSOLUTE
    __cpp_initialize__aeabi_                  - Undefined Weak Reference
    __cxa_finalize                            - Undefined Weak Reference
    __decompress                              - Undefined Weak Reference
    _clock_init                               - Undefined Weak Reference
    _microlib_exit                            - Undefined Weak Reference
    __Vectors_Size                           0x00000130   Number         0  startup_stm32f10x_hd.o ABSOLUTE
    __Vectors                                0x08000000   Data           4  startup_stm32f10x_hd.o(RESET)
    __Vectors_End                            0x08000130   Data           0  startup_stm32f10x_hd.o(RESET)
    __main                                   0x08000131   Thumb Code     0  entry.o(.ARM.Collect$$$$00000000)
    _main_stk                                0x08000131   Thumb Code     0  entry2.o(.ARM.Collect$$$$00000001)
    _main_scatterload                        0x08000135   Thumb Code     0  entry5.o(.ARM.Collect$$$$00000004)
    __main_after_scatterload                 0x08000139   Thumb Code     0  entry5.o(.ARM.Collect$$$$00000004)
    _main_clock                              0x08000139   Thumb Code     0  entry7b.o(.ARM.Collect$$$$00000008)
    _main_cpp_init                           0x08000139   Thumb Code     0  entry8b.o(.ARM.Collect$$$$0000000A)
    _main_init                               0x08000139   Thumb Code     0  entry9a.o(.ARM.Collect$$$$0000000B)
    __rt_final_cpp                           0x08000141   Thumb Code     0  entry10a.o(.ARM.Collect$$$$0000000D)
    __rt_final_exit                          0x08000141   Thumb Code     0  entry11a.o(.ARM.Collect$$$$0000000F)
    Reset_Handler                            0x08000145   Thumb Code     8  startup_stm32f10x_hd.o(.text)
    ADC1_2_IRQHandler                        0x0800015f   Thumb Code     0  startup_stm32f10x_hd.o(.text)
    ADC3_IRQHandler                          0x0800015f   Thumb Code     0  startup_stm32f10x_hd.o(.text)
    CAN1_RX1_IRQHandler                      0x0800015f   Thumb Code     0  startup_stm32f10x_hd.o(.text)
    CAN1_SCE_IRQHandler                      0x0800015f   Thumb Code     0  startup_stm32f10x_hd.o(.text)
    DMA1_Channel1_IRQHandler                 0x0800015f   Thumb Code     0  startup_stm32f10x_hd.o(.text)
    DMA1_Channel2_IRQHandler                 0x0800015f   Thumb Code     0  startup_stm32f10x_hd.o(.text)
    DMA1_Channel3_IRQHandler                 0x0800015f   Thumb Code     0  startup_stm32f10x_hd.o(.text)
    DMA1_Channel4_IRQHandler                 0x0800015f   Thumb Code     0  startup_stm32f10x_hd.o(.text)
    DMA1_Channel5_IRQHandler                 0x0800015f   Thumb Code     0  startup_stm32f10x_hd.o(.text)
    DMA1_Channel6_IRQHandler                 0x0800015f   Thumb Code     0  startup_stm32f10x_hd.o(.text)
    DMA1_Channel7_IRQHandler                 0x0800015f   Thumb Code     0  startup_stm32f10x_hd.o(.text)
    DMA2_Channel1_IRQHandler                 0x0800015f   Thumb Code     0  startup_stm32f10x_hd.o(.text)
    DMA2_Channel2_IRQHandler                 0x0800015f   Thumb Code     0  startup_stm32f10x_hd.o(.text)
    DMA2_Channel3_IRQHandler                 0x0800015f   Thumb Code     0  startup_stm32f10x_hd.o(.text)
    DMA2_Channel4_5_IRQHandler               0x0800015f   Thumb Code     0  startup_stm32f10x_hd.o(.text)
    EXTI2_IRQHandler                         0x0800015f   Thumb Code     0  startup_stm32f10x_hd.o(.text)
    EXTI9_5_IRQHandler                       0x0800015f   Thumb Code     0  startup_stm32f10x_hd.o(.text)
    FLASH_IRQHandler                         0x0800015f   Thumb Code     0  startup_stm32f10x_hd.o(.text)
    FSMC_IRQHandler                          0x0800015f   Thumb Code     0  startup_stm32f10x_hd.o(.text)
    I2C1_ER_IRQHandler                       0x0800015f   Thumb Code     0  startup_stm32f10x_hd.o(.text)
    I2C1_EV_IRQHandler                       0x0800015f   Thumb Code     0  startup_stm32f10x_hd.o(.text)
    I2C2_ER_IRQHandler                       0x0800015f   Thumb Code     0  startup_stm32f10x_hd.o(.text)
    I2C2_EV_IRQHandler                       0x0800015f   Thumb Code     0  startup_stm32f10x_hd.o(.text)
    PVD_IRQHandler                           0x0800015f   Thumb Code     0  startup_stm32f10x_hd.o(.text)
    RCC_IRQHandler                           0x0800015f   Thumb Code     0  startup_stm32f10x_hd.o(.text)
    RTCAlarm_IRQHandler                      0x0800015f   Thumb Code     0  startup_stm32f10x_hd.o(.text)
    SDIO_IRQHandler                          0x0800015f   Thumb Code     0  startup_stm32f10x_hd.o(.text)
    SPI1_IRQHandler                          0x0800015f   Thumb Code     0  startup_stm32f10x_hd.o(.text)
    SPI2_IRQHandler                          0x0800015f   Thumb Code     0  startup_stm32f10x_hd.o(.text)
    SPI3_IRQHandler                          0x0800015f   Thumb Code     0  startup_stm32f10x_hd.o(.text)
    TAMPER_IRQHandler                        0x0800015f   Thumb Code     0  startup_stm32f10x_hd.o(.text)
    TIM1_BRK_IRQHandler                      0x0800015f   Thumb Code     0  startup_stm32f10x_hd.o(.text)
    TIM1_CC_IRQHandler                       0x0800015f   Thumb Code     0  startup_stm32f10x_hd.o(.text)
    TIM1_TRG_COM_IRQHandler                  0x0800015f   Thumb Code     0  startup_stm32f10x_hd.o(.text)
    TIM1_UP_IRQHandler                       0x0800015f   Thumb Code     0  startup_stm32f10x_hd.o(.text)
    TIM2_IRQHandler                          0x0800015f   Thumb Code     0  startup_stm32f10x_hd.o(.text)
    TIM3_IRQHandler                          0x0800015f   Thumb Code     0  startup_stm32f10x_hd.o(.text)
    TIM4_IRQHandler                          0x0800015f   Thumb Code     0  startup_stm32f10x_hd.o(.text)
    TIM5_IRQHandler                          0x0800015f   Thumb Code     0  startup_stm32f10x_hd.o(.text)
    TIM6_IRQHandler                          0x0800015f   Thumb Code     0  startup_stm32f10x_hd.o(.text)
    TIM7_IRQHandler                          0x0800015f   Thumb Code     0  startup_stm32f10x_hd.o(.text)
    TIM8_BRK_IRQHandler                      0x0800015f   Thumb Code     0  startup_stm32f10x_hd.o(.text)
    TIM8_CC_IRQHandler                       0x0800015f   Thumb Code     0  startup_stm32f10x_hd.o(.text)
    TIM8_TRG_COM_IRQHandler                  0x0800015f   Thumb Code     0  startup_stm32f10x_hd.o(.text)
    TIM8_UP_IRQHandler                       0x0800015f   Thumb Code     0  startup_stm32f10x_hd.o(.text)
    UART4_IRQHandler                         0x0800015f   Thumb Code     0  startup_stm32f10x_hd.o(.text)
    UART5_IRQHandler                         0x0800015f   Thumb Code     0  startup_stm32f10x_hd.o(.text)
    USART1_IRQHandler                        0x0800015f   Thumb Code     0  startup_stm32f10x_hd.o(.text)
    USART2_IRQHandler                        0x0800015f   Thumb Code     0  startup_stm32f10x_hd.o(.text)
    USBWakeUp_IRQHandler                     0x0800015f   Thumb Code     0  startup_stm32f10x_hd.o(.text)
    USB_HP_CAN1_TX_IRQHandler                0x0800015f   Thumb Code     0  startup_stm32f10x_hd.o(.text)
    USB_LP_CAN1_RX0_IRQHandler               0x0800015f   Thumb Code     0  startup_stm32f10x_hd.o(.text)
    WWDG_IRQHandler                          0x0800015f   Thumb Code     0  startup_stm32f10x_hd.o(.text)
    SystemInit                               0x08000247   Thumb Code    78  system_stm32f10x.o(.text)
    SystemCoreClockUpdate                    0x08000295   Thumb Code   142  system_stm32f10x.o(.text)
    NVIC_PriorityGroupConfig                 0x08000349   Thumb Code    10  misc.o(.text)
    NVIC_Init                                0x08000353   Thumb Code   100  misc.o(.text)
    NVIC_SetVectorTable                      0x080003b7   Thumb Code    14  misc.o(.text)
    NVIC_SystemLPConfig                      0x080003c5   Thumb Code    34  misc.o(.text)
    SysTick_CLKSourceConfig                  0x080003e7   Thumb Code    40  misc.o(.text)
    BKP_DeInit                               0x08000425   Thumb Code    16  stm32f10x_bkp.o(.text)
    BKP_TamperPinLevelConfig                 0x08000435   Thumb Code     6  stm32f10x_bkp.o(.text)
    BKP_TamperPinCmd                         0x0800043b   Thumb Code     8  stm32f10x_bkp.o(.text)
    BKP_ITConfig                             0x08000443   Thumb Code     8  stm32f10x_bkp.o(.text)
    BKP_RTCOutputConfig                      0x0800044b   Thumb Code    22  stm32f10x_bkp.o(.text)
    BKP_SetRTCCalibrationValue               0x08000461   Thumb Code    22  stm32f10x_bkp.o(.text)
    BKP_WriteBackupRegister                  0x08000477   Thumb Code    24  stm32f10x_bkp.o(.text)
    BKP_ReadBackupRegister                   0x0800048f   Thumb Code    26  stm32f10x_bkp.o(.text)
    BKP_GetFlagStatus                        0x080004a9   Thumb Code    10  stm32f10x_bkp.o(.text)
    BKP_ClearFlag                            0x080004b3   Thumb Code    18  stm32f10x_bkp.o(.text)
    BKP_GetITStatus                          0x080004c5   Thumb Code    10  stm32f10x_bkp.o(.text)
    BKP_ClearITPendingBit                    0x080004cf   Thumb Code    18  stm32f10x_bkp.o(.text)
    EXTI_DeInit                              0x080004e9   Thumb Code    28  stm32f10x_exti.o(.text)
    EXTI_Init                                0x08000505   Thumb Code   142  stm32f10x_exti.o(.text)
    EXTI_StructInit                          0x08000593   Thumb Code    16  stm32f10x_exti.o(.text)
    EXTI_GenerateSWInterrupt                 0x080005a3   Thumb Code    16  stm32f10x_exti.o(.text)
    EXTI_GetFlagStatus                       0x080005b3   Thumb Code    22  stm32f10x_exti.o(.text)
    EXTI_ClearFlag                           0x080005c9   Thumb Code     8  stm32f10x_exti.o(.text)
    EXTI_GetITStatus                         0x080005d1   Thumb Code    34  stm32f10x_exti.o(.text)
    EXTI_ClearITPendingBit                   0x080005f3   Thumb Code     8  stm32f10x_exti.o(.text)
    FSMC_NORSRAMDeInit                       0x08000605   Thumb Code    54  stm32f10x_fsmc.o(.text)
    FSMC_NANDDeInit                          0x0800063b   Thumb Code    62  stm32f10x_fsmc.o(.text)
    FSMC_PCCARDDeInit                        0x08000679   Thumb Code    36  stm32f10x_fsmc.o(.text)
    FSMC_NORSRAMInit                         0x0800069d   Thumb Code   230  stm32f10x_fsmc.o(.text)
    FSMC_NANDInit                            0x08000783   Thumb Code   132  stm32f10x_fsmc.o(.text)
    FSMC_PCCARDInit                          0x08000807   Thumb Code   130  stm32f10x_fsmc.o(.text)
    FSMC_NORSRAMStructInit                   0x08000889   Thumb Code   114  stm32f10x_fsmc.o(.text)
    FSMC_NANDStructInit                      0x080008fb   Thumb Code    54  stm32f10x_fsmc.o(.text)
    FSMC_PCCARDStructInit                    0x08000931   Thumb Code    60  stm32f10x_fsmc.o(.text)
    FSMC_NORSRAMCmd                          0x0800096d   Thumb Code    46  stm32f10x_fsmc.o(.text)
    FSMC_NANDCmd                             0x0800099b   Thumb Code    86  stm32f10x_fsmc.o(.text)
    FSMC_PCCARDCmd                           0x080009f1   Thumb Code    44  stm32f10x_fsmc.o(.text)
    FSMC_NANDECCCmd                          0x08000a1d   Thumb Code    90  stm32f10x_fsmc.o(.text)
    FSMC_GetECC                              0x08000a77   Thumb Code    24  stm32f10x_fsmc.o(.text)
    FSMC_ITConfig                            0x08000a8f   Thumb Code   128  stm32f10x_fsmc.o(.text)
    FSMC_GetFlagStatus                       0x08000b0f   Thumb Code    54  stm32f10x_fsmc.o(.text)
    FSMC_ClearFlag                           0x08000b45   Thumb Code    62  stm32f10x_fsmc.o(.text)
    FSMC_GetITStatus                         0x08000b83   Thumb Code    64  stm32f10x_fsmc.o(.text)
    FSMC_ClearITPendingBit                   0x08000bc3   Thumb Code    68  stm32f10x_fsmc.o(.text)
    GPIO_DeInit                              0x08000c11   Thumb Code   172  stm32f10x_gpio.o(.text)
    GPIO_AFIODeInit                          0x08000cbd   Thumb Code    20  stm32f10x_gpio.o(.text)
    GPIO_Init                                0x08000cd1   Thumb Code   278  stm32f10x_gpio.o(.text)
    GPIO_StructInit                          0x08000de7   Thumb Code    16  stm32f10x_gpio.o(.text)
    GPIO_ReadInputDataBit                    0x08000df7   Thumb Code    18  stm32f10x_gpio.o(.text)
    GPIO_ReadInputData                       0x08000e09   Thumb Code     8  stm32f10x_gpio.o(.text)
    GPIO_ReadOutputDataBit                   0x08000e11   Thumb Code    18  stm32f10x_gpio.o(.text)
    GPIO_ReadOutputData                      0x08000e23   Thumb Code     8  stm32f10x_gpio.o(.text)
    GPIO_SetBits                             0x08000e2b   Thumb Code     4  stm32f10x_gpio.o(.text)
    GPIO_ResetBits                           0x08000e2f   Thumb Code     4  stm32f10x_gpio.o(.text)
    GPIO_WriteBit                            0x08000e33   Thumb Code    10  stm32f10x_gpio.o(.text)
    GPIO_Write                               0x08000e3d   Thumb Code     4  stm32f10x_gpio.o(.text)
    GPIO_PinLockConfig                       0x08000e41   Thumb Code    18  stm32f10x_gpio.o(.text)
    GPIO_EventOutputConfig                   0x08000e53   Thumb Code    26  stm32f10x_gpio.o(.text)
    GPIO_EventOutputCmd                      0x08000e6d   Thumb Code     6  stm32f10x_gpio.o(.text)
    GPIO_PinRemapConfig                      0x08000e73   Thumb Code   138  stm32f10x_gpio.o(.text)
    GPIO_EXTILineConfig                      0x08000efd   Thumb Code    66  stm32f10x_gpio.o(.text)
    GPIO_ETH_MediaInterfaceConfig            0x08000f3f   Thumb Code     8  stm32f10x_gpio.o(.text)
    PWR_DeInit                               0x08000f6d   Thumb Code    22  stm32f10x_pwr.o(.text)
    PWR_BackupAccessCmd                      0x08000f83   Thumb Code     6  stm32f10x_pwr.o(.text)
    PWR_PVDCmd                               0x08000f89   Thumb Code     6  stm32f10x_pwr.o(.text)
    PWR_PVDLevelConfig                       0x08000f8f   Thumb Code    18  stm32f10x_pwr.o(.text)
    PWR_WakeUpPinCmd                         0x08000fa1   Thumb Code     8  stm32f10x_pwr.o(.text)
    PWR_EnterSTOPMode                        0x08000fa9   Thumb Code    54  stm32f10x_pwr.o(.text)
    PWR_EnterSTANDBYMode                     0x08000fdf   Thumb Code    42  stm32f10x_pwr.o(.text)
    PWR_GetFlagStatus                        0x08001009   Thumb Code    20  stm32f10x_pwr.o(.text)
    PWR_ClearFlag                            0x0800101d   Thumb Code    14  stm32f10x_pwr.o(.text)
    RCC_DeInit                               0x08001039   Thumb Code    64  stm32f10x_rcc.o(.text)
    RCC_HSEConfig                            0x08001079   Thumb Code    70  stm32f10x_rcc.o(.text)
    RCC_GetFlagStatus                        0x080010bf   Thumb Code    56  stm32f10x_rcc.o(.text)
    RCC_WaitForHSEStartUp                    0x080010f7   Thumb Code    56  stm32f10x_rcc.o(.text)
    RCC_AdjustHSICalibrationValue            0x0800112f   Thumb Code    20  stm32f10x_rcc.o(.text)
    RCC_HSICmd                               0x08001143   Thumb Code     6  stm32f10x_rcc.o(.text)
    RCC_PLLConfig                            0x08001149   Thumb Code    24  stm32f10x_rcc.o(.text)
    RCC_PLLCmd                               0x08001161   Thumb Code     6  stm32f10x_rcc.o(.text)
    RCC_SYSCLKConfig                         0x08001167   Thumb Code    18  stm32f10x_rcc.o(.text)
    RCC_GetSYSCLKSource                      0x08001179   Thumb Code    10  stm32f10x_rcc.o(.text)
    RCC_HCLKConfig                           0x08001183   Thumb Code    18  stm32f10x_rcc.o(.text)
    RCC_PCLK1Config                          0x08001195   Thumb Code    18  stm32f10x_rcc.o(.text)
    RCC_PCLK2Config                          0x080011a7   Thumb Code    20  stm32f10x_rcc.o(.text)
    RCC_ITConfig                             0x080011bb   Thumb Code    26  stm32f10x_rcc.o(.text)
    RCC_USBCLKConfig                         0x080011d5   Thumb Code     8  stm32f10x_rcc.o(.text)
    RCC_ADCCLKConfig                         0x080011dd   Thumb Code    18  stm32f10x_rcc.o(.text)
    RCC_LSEConfig                            0x080011ef   Thumb Code    50  stm32f10x_rcc.o(.text)
    RCC_LSICmd                               0x08001221   Thumb Code     6  stm32f10x_rcc.o(.text)
    RCC_RTCCLKConfig                         0x08001227   Thumb Code    12  stm32f10x_rcc.o(.text)
    RCC_RTCCLKCmd                            0x08001233   Thumb Code     8  stm32f10x_rcc.o(.text)
    RCC_GetClocksFreq                        0x0800123b   Thumb Code   192  stm32f10x_rcc.o(.text)
    RCC_AHBPeriphClockCmd                    0x080012fb   Thumb Code    26  stm32f10x_rcc.o(.text)
    RCC_APB2PeriphClockCmd                   0x08001315   Thumb Code    26  stm32f10x_rcc.o(.text)
    RCC_APB1PeriphClockCmd                   0x0800132f   Thumb Code    26  stm32f10x_rcc.o(.text)
    RCC_APB2PeriphResetCmd                   0x08001349   Thumb Code    26  stm32f10x_rcc.o(.text)
    RCC_APB1PeriphResetCmd                   0x08001363   Thumb Code    26  stm32f10x_rcc.o(.text)
    RCC_BackupResetCmd                       0x0800137d   Thumb Code     8  stm32f10x_rcc.o(.text)
    RCC_ClockSecuritySystemCmd               0x08001385   Thumb Code     6  stm32f10x_rcc.o(.text)
    RCC_MCOConfig                            0x0800138b   Thumb Code     6  stm32f10x_rcc.o(.text)
    RCC_ClearFlag                            0x08001391   Thumb Code    14  stm32f10x_rcc.o(.text)
    RCC_GetITStatus                          0x0800139f   Thumb Code    20  stm32f10x_rcc.o(.text)
    RCC_ClearITPendingBit                    0x080013b3   Thumb Code     6  stm32f10x_rcc.o(.text)
    RTC_ITConfig                             0x080013dd   Thumb Code    26  stm32f10x_rtc.o(.text)
    RTC_EnterConfigMode                      0x080013f7   Thumb Code    18  stm32f10x_rtc.o(.text)
    RTC_ExitConfigMode                       0x08001409   Thumb Code    20  stm32f10x_rtc.o(.text)
    RTC_GetCounter                           0x0800141d   Thumb Code    18  stm32f10x_rtc.o(.text)
    RTC_SetCounter                           0x0800142f   Thumb Code    26  stm32f10x_rtc.o(.text)
    RTC_SetPrescaler                         0x08001449   Thumb Code    28  stm32f10x_rtc.o(.text)
    RTC_SetAlarm                             0x08001465   Thumb Code    26  stm32f10x_rtc.o(.text)
    RTC_GetDivider                           0x0800147f   Thumb Code    22  stm32f10x_rtc.o(.text)
    RTC_WaitForLastTask                      0x08001495   Thumb Code    18  stm32f10x_rtc.o(.text)
    RTC_WaitForSynchro                       0x080014a7   Thumb Code    36  stm32f10x_rtc.o(.text)
    RTC_GetFlagStatus                        0x080014cb   Thumb Code    22  stm32f10x_rtc.o(.text)
    RTC_ClearFlag                            0x080014e1   Thumb Code    16  stm32f10x_rtc.o(.text)
    RTC_GetITStatus                          0x080014f1   Thumb Code    32  stm32f10x_rtc.o(.text)
    RTC_ClearITPendingBit                    0x08001511   Thumb Code    16  stm32f10x_rtc.o(.text)
    USART_DeInit                             0x08001525   Thumb Code   134  stm32f10x_usart.o(.text)
    USART_Init                               0x080015ab   Thumb Code   210  stm32f10x_usart.o(.text)
    USART_StructInit                         0x0800167d   Thumb Code    24  stm32f10x_usart.o(.text)
    USART_ClockInit                          0x08001695   Thumb Code    34  stm32f10x_usart.o(.text)
    USART_ClockStructInit                    0x080016b7   Thumb Code    12  stm32f10x_usart.o(.text)
    USART_Cmd                                0x080016c3   Thumb Code    24  stm32f10x_usart.o(.text)
    USART_ITConfig                           0x080016db   Thumb Code    74  stm32f10x_usart.o(.text)
    USART_DMACmd                             0x08001725   Thumb Code    18  stm32f10x_usart.o(.text)
    USART_SetAddress                         0x08001737   Thumb Code    18  stm32f10x_usart.o(.text)
    USART_WakeUpConfig                       0x08001749   Thumb Code    18  stm32f10x_usart.o(.text)
    USART_ReceiverWakeUpCmd                  0x0800175b   Thumb Code    24  stm32f10x_usart.o(.text)
    USART_LINBreakDetectLengthConfig         0x08001773   Thumb Code    18  stm32f10x_usart.o(.text)
    USART_LINCmd                             0x08001785   Thumb Code    24  stm32f10x_usart.o(.text)
    USART_SendData                           0x0800179d   Thumb Code     8  stm32f10x_usart.o(.text)
    USART_ReceiveData                        0x080017a5   Thumb Code    10  stm32f10x_usart.o(.text)
    USART_SendBreak                          0x080017af   Thumb Code    10  stm32f10x_usart.o(.text)
    USART_SetGuardTime                       0x080017b9   Thumb Code    16  stm32f10x_usart.o(.text)
    USART_SetPrescaler                       0x080017c9   Thumb Code    16  stm32f10x_usart.o(.text)
    USART_SmartCardCmd                       0x080017d9   Thumb Code    24  stm32f10x_usart.o(.text)
    USART_SmartCardNACKCmd                   0x080017f1   Thumb Code    24  stm32f10x_usart.o(.text)
    USART_HalfDuplexCmd                      0x08001809   Thumb Code    24  stm32f10x_usart.o(.text)
    USART_OverSampling8Cmd                   0x08001821   Thumb Code    22  stm32f10x_usart.o(.text)
    USART_OneBitMethodCmd                    0x08001837   Thumb Code    24  stm32f10x_usart.o(.text)
    USART_IrDAConfig                         0x0800184f   Thumb Code    18  stm32f10x_usart.o(.text)
    USART_IrDACmd                            0x08001861   Thumb Code    24  stm32f10x_usart.o(.text)
    USART_GetFlagStatus                      0x08001879   Thumb Code    26  stm32f10x_usart.o(.text)
    USART_ClearFlag                          0x08001893   Thumb Code    18  stm32f10x_usart.o(.text)
    USART_GetITStatus                        0x080018a5   Thumb Code    84  stm32f10x_usart.o(.text)
    USART_ClearITPendingBit                  0x080018f9   Thumb Code    52  stm32f10x_usart.o(.text)
    main                                     0x0800192d   Thumb Code    90  main.o(.text)
    NMI_Handler                              0x08001991   Thumb Code     2  stm32f10x_it.o(.text)
    USART3_IRQHandler                        0x08001993   Thumb Code   148  stm32f10x_it.o(.text)
    HardFault_Handler                        0x08001a27   Thumb Code     4  stm32f10x_it.o(.text)
    MemManage_Handler                        0x08001a2b   Thumb Code     4  stm32f10x_it.o(.text)
    BusFault_Handler                         0x08001a2f   Thumb Code     4  stm32f10x_it.o(.text)
    UsageFault_Handler                       0x08001a33   Thumb Code     4  stm32f10x_it.o(.text)
    SVC_Handler                              0x08001a37   Thumb Code     2  stm32f10x_it.o(.text)
    DebugMon_Handler                         0x08001a39   Thumb Code     2  stm32f10x_it.o(.text)
    PendSV_Handler                           0x08001a3b   Thumb Code     2  stm32f10x_it.o(.text)
    SysTick_Handler                          0x08001a3d   Thumb Code     2  stm32f10x_it.o(.text)
    delay_init                               0x08001a55   Thumb Code    50  delay.o(.text)
    delay_us                                 0x08001a87   Thumb Code    72  delay.o(.text)
    delay_ms                                 0x08001acf   Thumb Code    72  delay.o(.text)
    USART1_Config                            0x08001b29   Thumb Code   126  bsp_usart1.o(.text)
    NVIC_Configuration                       0x08001ba7   Thumb Code    40  bsp_usart1.o(.text)
    Usart_Send16                             0x08001bcf   Thumb Code    60  bsp_usart1.o(.text)
    dataInit                                 0x08001c15   Thumb Code    40  app.o(.text)
    SD_GPIO_Config                           0x08001c3d   Thumb Code    40  app.o(.text)
    SD_Save                                  0x08001c65   Thumb Code   258  app.o(.text)
    send_power                               0x08001d67   Thumb Code    24  app.o(.text)
    receive_power                            0x08001d7f   Thumb Code   102  app.o(.text)
    powerCalculate                           0x08001de5   Thumb Code   254  app.o(.text)
    hydrogenCalculate                        0x08001ee3   Thumb Code  2550  app.o(.text)
    HMISendCleen                             0x080028d9   Thumb Code    44  app.o(.text)
    GUI_HMI                                  0x08002905   Thumb Code   224  app.o(.text)
    Reset                                    0x080029e5   Thumb Code   100  app.o(.text)
    dataShow                                 0x08002a49   Thumb Code  3378  app.o(.text)
    EXTI1_IRQHandler                         0x0800377b   Thumb Code    40  app.o(.text)
    EXTI0_IRQHandler                         0x080037a3   Thumb Code   110  app.o(.text)
    EXTI3_IRQHandler                         0x08003811   Thumb Code    24  app.o(.text)
    EXTI4_IRQHandler                         0x08003829   Thumb Code    24  app.o(.text)
    EXTI15_10_IRQHandler                     0x08003841   Thumb Code    68  app.o(.text)
    LCD_WR_REG                               0x08003891   Thumb Code     8  lcd.o(.text)
    LCD_WR_DATA                              0x08003899   Thumb Code     6  lcd.o(.text)
    LCD_RD_DATA                              0x0800389f   Thumb Code     6  lcd.o(.text)
    LCD_WriteReg                             0x080038a5   Thumb Code    12  lcd.o(.text)
    LCD_ReadReg                              0x080038b1   Thumb Code    16  lcd.o(.text)
    LCD_WriteRAM_Prepare                     0x080038c1   Thumb Code    12  lcd.o(.text)
    LCD_WriteRAM                             0x080038cd   Thumb Code     6  lcd.o(.text)
    LCD_BGR2RGB                              0x080038d3   Thumb Code    26  lcd.o(.text)
    opt_delay                                0x080038ed   Thumb Code    14  lcd.o(.text)
    LCD_SetCursor                            0x080038fb   Thumb Code   112  lcd.o(.text)
    LCD_ReadPoint                            0x0800396b   Thumb Code   268  lcd.o(.text)
    LCD_DisplayOn                            0x08003a77   Thumb Code    46  lcd.o(.text)
    LCD_DisplayOff                           0x08003aa5   Thumb Code    44  lcd.o(.text)
    LCD_Scan_Dir                             0x08003ad1   Thumb Code   464  lcd.o(.text)
    LCD_DrawPoint                            0x08003ca1   Thumb Code    28  lcd.o(.text)
    LCD_Fast_DrawPoint                       0x08003cbd   Thumb Code   128  lcd.o(.text)
    LCD_Display_Dir                          0x08003d3d   Thumb Code   238  lcd.o(.text)
    FSMC_LCD_Init                            0x08003e2b   Thumb Code    92  lcd.o(.text)
    LCD_Init                                 0x08003e87   Thumb Code  6204  lcd.o(.text)
    LCD_Clear                                0x080056c3   Thumb Code    42  lcd.o(.text)
    LCD_Fill                                 0x080056ed   Thumb Code    80  lcd.o(.text)
    LCD_Color_Fill                           0x0800573d   Thumb Code    92  lcd.o(.text)
    LCD_DrawLine                             0x08005799   Thumb Code   176  lcd.o(.text)
    LCD_DrawRectangle                        0x08005849   Thumb Code    60  lcd.o(.text)
    Draw_Circle                              0x08005885   Thumb Code   152  lcd.o(.text)
    LCD_ShowChar                             0x0800591d   Thumb Code   354  lcd.o(.text)
    LCD_Pow                                  0x08005a7f   Thumb Code    22  lcd.o(.text)
    LCD_ShowNum                              0x08005a95   Thumb Code   148  lcd.o(.text)
    LCD_ShowxNum                             0x08005b29   Thumb Code   190  lcd.o(.text)
    LCD_ShowString                           0x08005be7   Thumb Code   102  lcd.o(.text)
    LCD_ShowCh                               0x08005c4d   Thumb Code   216  lcd.o(.text)
    LCD_ShowChinese                          0x08005d25   Thumb Code   118  lcd.o(.text)
    EXTI_PC13_Config                         0x08005e23   Thumb Code   300  bsp_exti.o(.text)
    USART_Config                             0x08005f61   Thumb Code   138  usart3.o(.text)
    fputc                                    0x08005feb   Thumb Code    32  usart3.o(.text)
    USART_NVIC_Config                        0x0800600b   Thumb Code    36  usart3.o(.text)
    UART3_SendString                         0x0800602f   Thumb Code    52  usart3.o(.text)
    BUZZER_GPIO_Config                       0x0800606d   Thumb Code    50  buzzer.o(.text)
    UART4_Config                             0x080060cb   Thumb Code   136  usart4.o(.text)
    Usart_SendByte                           0x08006153   Thumb Code    30  usart4.o(.text)
    UART4_SendString                         0x08006171   Thumb Code    42  usart4.o(.text)
    Usart_SendHalfWord                       0x0800619b   Thumb Code    60  usart4.o(.text)
    RTC_Configuration                        0x080061e1   Thumb Code    88  rtc.o(.text)
    Is_Leap_Year                             0x08006239   Thumb Code    58  rtc.o(.text)
    RTC_Get                                  0x08006273   Thumb Code   220  rtc.o(.text)
    RTC_Set                                  0x0800634f   Thumb Code   172  rtc.o(.text)
    RTC_Init                                 0x080063fb   Thumb Code   100  rtc.o(.text)
    RTC_IRQHandler                           0x0800645f   Thumb Code    40  rtc.o(.text)
    HMISendb                                 0x080064a9   Thumb Code    48  hmi.o(.text)
    HMISendstart                             0x080064d9   Thumb Code    22  hmi.o(.text)
    HMISends                                 0x080064ef   Thumb Code    44  hmi.o(.text)
    HMISendn                                 0x0800651b   Thumb Code    28  hmi.o(.text)
    strcmp                                   0x0800653d   Thumb Code    28  strcmp.o(.text)
    __aeabi_fadd                             0x08006559   Thumb Code   164  fadd.o(.text)
    __aeabi_fsub                             0x080065fd   Thumb Code     6  fadd.o(.text)
    __aeabi_frsub                            0x08006603   Thumb Code     6  fadd.o(.text)
    __aeabi_fmul                             0x08006609   Thumb Code   100  fmul.o(.text)
    __aeabi_fdiv                             0x0800666d   Thumb Code   124  fdiv.o(.text)
    __aeabi_dadd                             0x080066e9   Thumb Code   322  dadd.o(.text)
    __aeabi_dsub                             0x0800682b   Thumb Code     6  dadd.o(.text)
    __aeabi_drsub                            0x08006831   Thumb Code     6  dadd.o(.text)
    __aeabi_dmul                             0x08006837   Thumb Code   228  dmul.o(.text)
    __aeabi_i2f                              0x0800691b   Thumb Code    18  fflti.o(.text)
    __aeabi_i2d                              0x0800692d   Thumb Code    34  dflti.o(.text)
    __aeabi_f2iz                             0x0800694f   Thumb Code    50  ffixi.o(.text)
    __aeabi_f2d                              0x08006981   Thumb Code    38  f2d.o(.text)
    __aeabi_cdrcmple                         0x080069a9   Thumb Code    38  cdrcmple.o(.text)
    __aeabi_d2f                              0x080069d1   Thumb Code    56  d2f.o(.text)
    __aeabi_cfrcmple                         0x08006a09   Thumb Code    20  cfrcmple.o(.text)
    __aeabi_uidiv                            0x08006a1d   Thumb Code     0  uidiv.o(.text)
    __aeabi_uidivmod                         0x08006a1d   Thumb Code    44  uidiv.o(.text)
    __aeabi_uldivmod                         0x08006a49   Thumb Code    98  uldiv.o(.text)
    __aeabi_llsl                             0x08006aab   Thumb Code    30  llshl.o(.text)
    _ll_shift_l                              0x08006aab   Thumb Code     0  llshl.o(.text)
    __aeabi_lasr                             0x08006ac9   Thumb Code    36  llsshr.o(.text)
    _ll_sshift_r                             0x08006ac9   Thumb Code     0  llsshr.o(.text)
    __I$use$fp                               0x08006aed   Thumb Code     0  iusefp.o(.text)
    _float_round                             0x08006aed   Thumb Code    18  fepilogue.o(.text)
    _float_epilogue                          0x08006aff   Thumb Code    92  fepilogue.o(.text)
    _double_round                            0x08006b5b   Thumb Code    26  depilogue.o(.text)
    _double_epilogue                         0x08006b75   Thumb Code   156  depilogue.o(.text)
    __aeabi_ddiv                             0x08006c11   Thumb Code   222  ddiv.o(.text)
    __ARM_scalbn                             0x08006cef   Thumb Code    46  dscalb.o(.text)
    scalbn                                   0x08006cef   Thumb Code     0  dscalb.o(.text)
    __aeabi_d2ulz                            0x08006d1d   Thumb Code    48  dfixul.o(.text)
    __scatterload                            0x08006d4d   Thumb Code    28  init.o(.text)
    __scatterload_rt2                        0x08006d4d   Thumb Code     0  init.o(.text)
    __aeabi_llsr                             0x08006d71   Thumb Code    32  llushr.o(.text)
    _ll_ushift_r                             0x08006d71   Thumb Code     0  llushr.o(.text)
    _dsqrt                                   0x08006d91   Thumb Code   162  dsqrt.o(.text)
    __0printf                                0x08006e35   Thumb Code    22  printfa.o(i.__0printf)
    __1printf                                0x08006e35   Thumb Code     0  printfa.o(i.__0printf)
    __2printf                                0x08006e35   Thumb Code     0  printfa.o(i.__0printf)
    __c89printf                              0x08006e35   Thumb Code     0  printfa.o(i.__0printf)
    printf                                   0x08006e35   Thumb Code     0  printfa.o(i.__0printf)
    __0sprintf                               0x08006e55   Thumb Code    34  printfa.o(i.__0sprintf)
    __1sprintf                               0x08006e55   Thumb Code     0  printfa.o(i.__0sprintf)
    __2sprintf                               0x08006e55   Thumb Code     0  printfa.o(i.__0sprintf)
    __c89sprintf                             0x08006e55   Thumb Code     0  printfa.o(i.__0sprintf)
    sprintf                                  0x08006e55   Thumb Code     0  printfa.o(i.__0sprintf)
    __ARM_fpclassify                         0x08006e7d   Thumb Code    40  fpclassify.o(i.__ARM_fpclassify)
    __kernel_poly                            0x08006ea5   Thumb Code   170  poly.o(i.__kernel_poly)
    __mathlib_dbl_underflow                  0x08006f51   Thumb Code    10  dunder.o(i.__mathlib_dbl_underflow)
    __scatterload_copy                       0x08006f61   Thumb Code    14  handlers.o(i.__scatterload_copy)
    __scatterload_null                       0x08006f6f   Thumb Code     2  handlers.o(i.__scatterload_null)
    __scatterload_zeroinit                   0x08006f71   Thumb Code    14  handlers.o(i.__scatterload_zeroinit)
    __set_errno                              0x08006f81   Thumb Code     6  errno.o(i.__set_errno)
    pow                                      0x08007829   Thumb Code  2510  pow.o(i.pow)
    sqrt                                     0x08008209   Thumb Code    76  sqrt.o(i.sqrt)
    asc2_1206                                0x08008254   Data        1140  lcd.o(.constdata)
    asc2_1608                                0x080086c8   Data        1520  lcd.o(.constdata)
    chinese_1608                             0x08008cb8   Data        1600  lcd.o(.constdata)
    chinese_3216                             0x080092f8   Data       12800  lcd.o(.constdata)
    mon_table                                0x0800c4f8   Data          12  rtc.o(.constdata)
    __mathlib_zero                           0x0800c590   Data           8  qnan.o(.constdata)
    Region$$Table$$Base                      0x0800c5e0   Number         0  anon$$obj.o(Region$$Table)
    Region$$Table$$Limit                     0x0800c600   Number         0  anon$$obj.o(Region$$Table)
    SystemCoreClock                          0x20000000   Data           4  system_stm32f10x.o(.data)
    AHBPrescTable                            0x20000004   Data          16  system_stm32f10x.o(.data)
    sp                                       0x20000028   Data           1  stm32f10x_it.o(.data)
    USART_REC_Finish_FLAG                    0x20000029   Data           1  stm32f10x_it.o(.data)
    keyControl                               0x20000030   Data           8  app.o(.data)
    File_Name_Change                         0x20000038   Data           4  app.o(.data)
    year                                     0x2000003c   Data           1  app.o(.data)
    month                                    0x2000003d   Data           1  app.o(.data)
    week                                     0x2000003e   Data           1  app.o(.data)
    date                                     0x2000003f   Data           1  app.o(.data)
    hour                                     0x20000040   Data           1  app.o(.data)
    minute                                   0x20000041   Data           1  app.o(.data)
    second                                   0x20000042   Data           1  app.o(.data)
    sendData                                 0x20000043   Data           6  app.o(.data)
    value1                                   0x2000004c   Data           4  app.o(.data)
    value2                                   0x20000050   Data           4  app.o(.data)
    wanwanwan                                0x20000054   Data           4  app.o(.data)
    show_value0                              0x20000058   Data           8  app.o(.data)
    flag                                     0x20000060   Data           1  app.o(.data)
    flag2                                    0x20000061   Data           1  app.o(.data)
    POINT_COLOR                              0x2000006c   Data           2  lcd.o(.data)
    BACK_COLOR                               0x2000006e   Data           2  lcd.o(.data)
    __stdout                                 0x20000074   Data           4  stdout.o(.data)
    Rec_Buffer                               0x2000007c   Data          20  stm32f10x_it.o(.bss)
    SendData                                 0x20000090   Data          20  stm32f10x_it.o(.bss)
    power                                    0x200000a4   Data          60  app.o(.bss)
    hydrogen                                 0x200000e0   Data          56  app.o(.bss)
    Data_Buffer                              0x20000118   Data          50  app.o(.bss)
    Time_Buffer                              0x2000014a   Data          50  app.o(.bss)
    ratio                                    0x2000017c   Data          16  app.o(.bss)
    lcddev                                   0x2000018c   Data          10  lcd.o(.bss)
    calendar                                 0x20000196   Data          10  rtc.o(.bss)
    __initial_sp                             0x200005a0   Data           0  startup_stm32f10x_hd.o(STACK)



==============================================================================

Memory Map of the image

  Image Entry point : 0x08000131

  Load Region LR_IROM1 (Base: 0x08000000, Size: 0x0000c67c, Max: 0x00080000, ABSOLUTE)

    Execution Region ER_IROM1 (Base: 0x08000000, Size: 0x0000c600, Max: 0x00080000, ABSOLUTE)

    Base Addr    Size         Type   Attr      Idx    E Section Name        Object

    0x08000000   0x00000130   Data   RO            3    RESET               startup_stm32f10x_hd.o
    0x08000130   0x00000000   Code   RO          667  * .ARM.Collect$$$$00000000  mc_w.l(entry.o)
    0x08000130   0x00000004   Code   RO          972    .ARM.Collect$$$$00000001  mc_w.l(entry2.o)
    0x08000134   0x00000004   Code   RO          975    .ARM.Collect$$$$00000004  mc_w.l(entry5.o)
    0x08000138   0x00000000   Code   RO          977    .ARM.Collect$$$$00000008  mc_w.l(entry7b.o)
    0x08000138   0x00000000   Code   RO          979    .ARM.Collect$$$$0000000A  mc_w.l(entry8b.o)
    0x08000138   0x00000008   Code   RO          980    .ARM.Collect$$$$0000000B  mc_w.l(entry9a.o)
    0x08000140   0x00000000   Code   RO          982    .ARM.Collect$$$$0000000D  mc_w.l(entry10a.o)
    0x08000140   0x00000000   Code   RO          984    .ARM.Collect$$$$0000000F  mc_w.l(entry11a.o)
    0x08000140   0x00000004   Code   RO          973    .ARM.Collect$$$$00002712  mc_w.l(entry2.o)
    0x08000144   0x00000024   Code   RO            4    .text               startup_stm32f10x_hd.o
    0x08000168   0x000001e0   Code   RO           24    .text               system_stm32f10x.o
    0x08000348   0x000000dc   Code   RO           70    .text               misc.o
    0x08000424   0x000000c4   Code   RO          101    .text               stm32f10x_bkp.o
    0x080004e8   0x0000011c   Code   RO          206    .text               stm32f10x_exti.o
    0x08000604   0x0000060c   Code   RO          233    .text               stm32f10x_fsmc.o
    0x08000c10   0x0000035c   Code   RO          245    .text               stm32f10x_gpio.o
    0x08000f6c   0x000000cc   Code   RO          287    .text               stm32f10x_pwr.o
    0x08001038   0x000003a4   Code   RO          302    .text               stm32f10x_rcc.o
    0x080013dc   0x00000148   Code   RO          316    .text               stm32f10x_rtc.o
    0x08001524   0x00000408   Code   RO          376    .text               stm32f10x_usart.o
    0x0800192c   0x00000064   Code   RO          403    .text               main.o
    0x08001990   0x000000c4   Code   RO          465    .text               stm32f10x_it.o
    0x08001a54   0x000000d4   Code   RO          484    .text               delay.o
    0x08001b28   0x000000ec   Code   RO          504    .text               bsp_usart1.o
    0x08001c14   0x00001c7c   Code   RO          522    .text               app.o
    0x08003890   0x0000250a   Code   RO          551    .text               lcd.o
    0x08005d9a   0x00000002   PAD
    0x08005d9c   0x000001c4   Code   RO          577    .text               bsp_exti.o
    0x08005f60   0x0000010c   Code   RO          589    .text               usart3.o
    0x0800606c   0x00000038   Code   RO          601    .text               buzzer.o
    0x080060a4   0x0000013c   Code   RO          613    .text               usart4.o
    0x080061e0   0x000002c8   Code   RO          625    .text               rtc.o
    0x080064a8   0x00000094   Code   RO          645    .text               hmi.o
    0x0800653c   0x0000001c   Code   RO          670    .text               mc_w.l(strcmp.o)
    0x08006558   0x000000b0   Code   RO          933    .text               mf_w.l(fadd.o)
    0x08006608   0x00000064   Code   RO          935    .text               mf_w.l(fmul.o)
    0x0800666c   0x0000007c   Code   RO          937    .text               mf_w.l(fdiv.o)
    0x080066e8   0x0000014e   Code   RO          939    .text               mf_w.l(dadd.o)
    0x08006836   0x000000e4   Code   RO          941    .text               mf_w.l(dmul.o)
    0x0800691a   0x00000012   Code   RO          943    .text               mf_w.l(fflti.o)
    0x0800692c   0x00000022   Code   RO          945    .text               mf_w.l(dflti.o)
    0x0800694e   0x00000032   Code   RO          947    .text               mf_w.l(ffixi.o)
    0x08006980   0x00000026   Code   RO          949    .text               mf_w.l(f2d.o)
    0x080069a6   0x00000002   PAD
    0x080069a8   0x00000028   Code   RO          951    .text               mf_w.l(cdrcmple.o)
    0x080069d0   0x00000038   Code   RO          953    .text               mf_w.l(d2f.o)
    0x08006a08   0x00000014   Code   RO          955    .text               mf_w.l(cfrcmple.o)
    0x08006a1c   0x0000002c   Code   RO          987    .text               mc_w.l(uidiv.o)
    0x08006a48   0x00000062   Code   RO          989    .text               mc_w.l(uldiv.o)
    0x08006aaa   0x0000001e   Code   RO          991    .text               mc_w.l(llshl.o)
    0x08006ac8   0x00000024   Code   RO          993    .text               mc_w.l(llsshr.o)
    0x08006aec   0x00000000   Code   RO         1002    .text               mc_w.l(iusefp.o)
    0x08006aec   0x0000006e   Code   RO         1003    .text               mf_w.l(fepilogue.o)
    0x08006b5a   0x000000b6   Code   RO         1005    .text               mf_w.l(depilogue.o)
    0x08006c10   0x000000de   Code   RO         1007    .text               mf_w.l(ddiv.o)
    0x08006cee   0x0000002e   Code   RO         1009    .text               mf_w.l(dscalb.o)
    0x08006d1c   0x00000030   Code   RO         1011    .text               mf_w.l(dfixul.o)
    0x08006d4c   0x00000024   Code   RO         1013    .text               mc_w.l(init.o)
    0x08006d70   0x00000020   Code   RO         1015    .text               mc_w.l(llushr.o)
    0x08006d90   0x000000a2   Code   RO         1017    .text               mf_w.l(dsqrt.o)
    0x08006e32   0x00000002   PAD
    0x08006e34   0x00000020   Code   RO          905    i.__0printf         mc_w.l(printfa.o)
    0x08006e54   0x00000028   Code   RO          907    i.__0sprintf        mc_w.l(printfa.o)
    0x08006e7c   0x00000028   Code   RO          959    i.__ARM_fpclassify  m_ws.l(fpclassify.o)
    0x08006ea4   0x000000aa   Code   RO          961    i.__kernel_poly     m_ws.l(poly.o)
    0x08006f4e   0x00000002   PAD
    0x08006f50   0x00000010   Code   RO          957    i.__mathlib_dbl_underflow  m_ws.l(dunder.o)
    0x08006f60   0x0000000e   Code   RO         1023    i.__scatterload_copy  mc_w.l(handlers.o)
    0x08006f6e   0x00000002   Code   RO         1024    i.__scatterload_null  mc_w.l(handlers.o)
    0x08006f70   0x0000000e   Code   RO         1025    i.__scatterload_zeroinit  mc_w.l(handlers.o)
    0x08006f7e   0x00000002   PAD
    0x08006f80   0x0000000c   Code   RO          997    i.__set_errno       mc_w.l(errno.o)
    0x08006f8c   0x00000164   Code   RO          912    i._fp_digits        mc_w.l(printfa.o)
    0x080070f0   0x000006dc   Code   RO          913    i._printf_core      mc_w.l(printfa.o)
    0x080077cc   0x00000024   Code   RO          914    i._printf_post_padding  mc_w.l(printfa.o)
    0x080077f0   0x0000002e   Code   RO          915    i._printf_pre_padding  mc_w.l(printfa.o)
    0x0800781e   0x0000000a   Code   RO          917    i._sputc            mc_w.l(printfa.o)
    0x08007828   0x000009e0   Code   RO          658    i.pow               m_ws.l(pow.o)
    0x08008208   0x0000004c   Code   RO          965    i.sqrt              m_ws.l(sqrt.o)
    0x08008254   0x000042a4   Data   RO          553    .constdata          lcd.o
    0x0800c4f8   0x0000000c   Data   RO          627    .constdata          rtc.o
    0x0800c504   0x00000004   PAD
    0x0800c508   0x00000088   Data   RO          659    .constdata          m_ws.l(pow.o)
    0x0800c590   0x00000008   Data   RO          963    .constdata          m_ws.l(qnan.o)
    0x0800c598   0x00000045   Data   RO          524    .conststring        app.o
    0x0800c5dd   0x00000003   PAD
    0x0800c5e0   0x00000020   Data   RO         1021    Region$$Table       anon$$obj.o


    Execution Region RW_IRAM1 (Base: 0x20000000, Size: 0x000005a0, Max: 0x00010000, ABSOLUTE)

    Base Addr    Size         Type   Attr      Idx    E Section Name        Object

    0x20000000   0x00000014   Data   RW           25    .data               system_stm32f10x.o
    0x20000014   0x00000014   Data   RW          303    .data               stm32f10x_rcc.o
    0x20000028   0x00000002   Data   RW          467    .data               stm32f10x_it.o
    0x2000002a   0x00000004   Data   RW          485    .data               delay.o
    0x2000002e   0x00000002   PAD
    0x20000030   0x0000003c   Data   RW          525    .data               app.o
    0x2000006c   0x00000004   Data   RW          554    .data               lcd.o
    0x20000070   0x00000002   Data   RW          628    .data               rtc.o
    0x20000072   0x00000002   PAD
    0x20000074   0x00000004   Data   RW          986    .data               mc_w.l(stdout.o)
    0x20000078   0x00000004   Data   RW          998    .data               mc_w.l(errno.o)
    0x2000007c   0x00000028   Zero   RW          466    .bss                stm32f10x_it.o
    0x200000a4   0x000000e8   Zero   RW          523    .bss                app.o
    0x2000018c   0x0000000a   Zero   RW          552    .bss                lcd.o
    0x20000196   0x0000000a   Zero   RW          626    .bss                rtc.o
    0x200001a0   0x00000400   Zero   RW            1    STACK               startup_stm32f10x_hd.o


==============================================================================

Image component sizes


      Code (inc. data)   RO Data    RW Data    ZI Data      Debug   Object Name

      7292        504         69         60        232      22383   app.o
       452         18          0          0          0       1027   bsp_exti.o
       236         10          0          0          0       1536   bsp_usart1.o
        56          6          0          0          0        581   buzzer.o
         0          0          0          0          0       4272   core_cm3.o
       212         18          0          4          0       1187   delay.o
       148          6          0          0          0       1094   hmi.o
      9482        116      17060          4         10      17723   lcd.o
       100         10          0          0          0       3343   main.o
       220         22          0          0          0       1981   misc.o
       712         34         12          2         10       3422   rtc.o
        36          8        304          0       1024        912   startup_stm32f10x_hd.o
       196          8          0          0          0       3644   stm32f10x_bkp.o
       284         10          0          0          0       2411   stm32f10x_exti.o
      1548         18          0          0          0       5523   stm32f10x_fsmc.o
       860         38          0          0          0       5821   stm32f10x_gpio.o
       196         22          0          2         40       2487   stm32f10x_it.o
       204         14          0          0          0       2003   stm32f10x_pwr.o
       932         36          0         20          0       9076   stm32f10x_rcc.o
       328          4          0          0          0       2758   stm32f10x_rtc.o
      1032         22          0          0          0       8552   stm32f10x_usart.o
       480         38          0         20          0     240879   system_stm32f10x.o
       268         10          0          0          0       1308   usart3.o
       316         10          0          0          0       1950   usart4.o

    ----------------------------------------------------------------------
     25592        982      17484        116       1316     345873   Object Totals
         0          0         32          0          0          0   (incl. Generated)
         2          0          7          4          0          0   (incl. Padding)

    ----------------------------------------------------------------------

      Code (inc. data)   RO Data    RW Data    ZI Data      Debug   Library Member Name

        16          6          0          0          0         68   dunder.o
        40          0          0          0          0         68   fpclassify.o
       170          0          0          0          0         96   poly.o
      2528        190        136          0          0        332   pow.o
         0          0          8          0          0          0   qnan.o
        76          0          0          0          0         84   sqrt.o
         0          0          0          0          0          0   entry.o
         0          0          0          0          0          0   entry10a.o
         0          0          0          0          0          0   entry11a.o
         8          4          0          0          0          0   entry2.o
         4          0          0          0          0          0   entry5.o
         0          0          0          0          0          0   entry7b.o
         0          0          0          0          0          0   entry8b.o
         8          4          0          0          0          0   entry9a.o
        12          6          0          4          0         68   errno.o
        30          0          0          0          0          0   handlers.o
        36          8          0          0          0         68   init.o
         0          0          0          0          0          0   iusefp.o
        30          0          0          0          0         68   llshl.o
        36          0          0          0          0         68   llsshr.o
        32          0          0          0          0         68   llushr.o
      2276         96          0          0          0        596   printfa.o
         0          0          0          4          0          0   stdout.o
        28          0          0          0          0         76   strcmp.o
        44          0          0          0          0         80   uidiv.o
        98          0          0          0          0         92   uldiv.o
        40          2          0          0          0         68   cdrcmple.o
        20          0          0          0          0         68   cfrcmple.o
        56          0          0          0          0         88   d2f.o
       334          0          0          0          0        148   dadd.o
       222          0          0          0          0        100   ddiv.o
       182          0          0          0          0        176   depilogue.o
        48          0          0          0          0         68   dfixul.o
        34          0          0          0          0         76   dflti.o
       228          0          0          0          0         96   dmul.o
        46          0          0          0          0         80   dscalb.o
       162          0          0          0          0        100   dsqrt.o
        38          0          0          0          0         68   f2d.o
       176          0          0          0          0        140   fadd.o
       124          0          0          0          0         88   fdiv.o
       110          0          0          0          0        168   fepilogue.o
        50          0          0          0          0         68   ffixi.o
        18          0          0          0          0         68   fflti.o
       100          0          0          0          0         76   fmul.o

    ----------------------------------------------------------------------
      7468        316        144          8          0       3576   Library Totals
         8          0          0          0          0          0   (incl. Padding)

    ----------------------------------------------------------------------

      Code (inc. data)   RO Data    RW Data    ZI Data      Debug   Library Name

      2830        196        144          0          0        648   m_ws.l
      2642        118          0          8          0       1184   mc_w.l
      1988          2          0          0          0       1744   mf_w.l

    ----------------------------------------------------------------------
      7468        316        144          8          0       3576   Library Totals

    ----------------------------------------------------------------------

==============================================================================


      Code (inc. data)   RO Data    RW Data    ZI Data      Debug   

     33060       1298      17628        124       1316     345493   Grand Totals
     33060       1298      17628        124       1316     345493   ELF Image Totals
     33060       1298      17628        124          0          0   ROM Totals

==============================================================================

    Total RO  Size (Code + RO Data)                50688 (  49.50kB)
    Total RW  Size (RW Data + ZI Data)              1440 (   1.41kB)
    Total ROM Size (Code + RO Data + RW Data)      50812 (  49.62kB)

==============================================================================

